2025-07-14T03:55:18.922374-0400 INFO Database connection established
2025-07-14T03:55:18.940573-0400 INFO Database connection established
2025-07-14T03:55:18.941574-0400 ERROR Failed to calculate holdings metrics: column "purchase_price" does not exist
LINE 1: SELECT id, symbol, purchase_price, shares FROM stocks WHERE ...
                           ^

2025-07-14T03:55:19.158747-0400 INFO Fetched breaking news from NewsAPI
2025-07-14T03:55:20.969060-0400 INFO Database connection established
2025-07-14T03:55:20.986333-0400 INFO Database connection established
2025-07-14T03:55:20.987564-0400 ERROR Failed to calculate holdings metrics: column "purchase_price" does not exist
LINE 1: SELECT id, symbol, purchase_price, shares FROM stocks WHERE ...
                           ^

2025-07-14T03:55:21.209898-0400 INFO Fetched breaking news from NewsAPI
2025-07-14T03:55:23.406053-0400 INFO Database connection established
2025-07-14T03:55:23.423032-0400 INFO Database connection established
2025-07-14T03:55:23.424106-0400 ERROR Failed to calculate holdings metrics: column "purchase_price" does not exist
LINE 1: SELECT id, symbol, purchase_price, shares FROM stocks WHERE ...
                           ^

2025-07-14T03:55:23.651716-0400 INFO Fetched breaking news from NewsAPI
2025-07-14T03:55:27.032617-0400 INFO Database connection established
2025-07-14T03:55:27.049999-0400 INFO Database connection established
2025-07-14T03:55:27.052139-0400 INFO Fetched cached data for AMD from DB
2025-07-14T03:55:27.067112-0400 INFO Database connection established
2025-07-14T03:55:27.069051-0400 INFO Fetched cached data for MARA from DB
2025-07-14T03:55:27.083944-0400 INFO Database connection established
2025-07-14T03:55:27.085807-0400 INFO Fetched cached data for NVDA from DB
2025-07-14T03:55:27.101799-0400 INFO Database connection established
2025-07-14T03:55:27.103696-0400 INFO Fetched cached data for RGTI from DB
2025-07-14T03:55:27.118957-0400 INFO Database connection established
2025-07-14T03:55:27.121002-0400 INFO Fetched cached data for TSLA from DB
2025-07-14T03:55:27.263076-0400 INFO Fetched breaking news from NewsAPI
2025-07-14T03:55:27.491848-0400 INFO Client connected
2025-07-14T03:55:27.506999-0400 INFO Database connection established
2025-07-14T03:55:27.526892-0400 INFO Database connection established
2025-07-14T03:55:27.529198-0400 INFO Fetched cached data for AMPX from DB
2025-07-14T03:55:27.529547-0400 INFO DB cache hit for AMPX
2025-07-14T03:55:27.546564-0400 INFO Database connection established
2025-07-14T03:55:27.549391-0400 INFO Fetched cached data for ABCL from DB
2025-07-14T03:55:27.550090-0400 INFO DB cache hit for ABCL
2025-07-14T03:55:27.569901-0400 INFO Database connection established
2025-07-14T03:55:27.571617-0400 INFO Fetched cached data for RZLV from DB
2025-07-14T03:55:27.572060-0400 INFO DB cache hit for RZLV
2025-07-14T03:55:27.587514-0400 INFO Database connection established
2025-07-14T03:55:27.589503-0400 INFO Fetched cached data for SBET from DB
2025-07-14T03:55:27.589891-0400 INFO DB cache hit for SBET
2025-07-14T03:55:27.605617-0400 INFO Database connection established
2025-07-14T03:55:27.607526-0400 INFO Fetched cached data for KULR from DB
2025-07-14T03:55:27.607934-0400 INFO DB cache hit for KULR
2025-07-14T03:55:27.624061-0400 INFO Database connection established
2025-07-14T03:55:27.625988-0400 INFO Fetched cached data for JNJ from DB
2025-07-14T03:55:27.626377-0400 INFO DB cache hit for JNJ
2025-07-14T03:55:27.642080-0400 INFO Database connection established
2025-07-14T03:55:27.644039-0400 INFO Fetched cached data for PG from DB
2025-07-14T03:55:27.644444-0400 INFO DB cache hit for PG
2025-07-14T03:55:27.662455-0400 INFO Database connection established
2025-07-14T03:55:27.665061-0400 INFO Fetched cached data for KO from DB
2025-07-14T03:55:27.665546-0400 INFO DB cache hit for KO
2025-07-14T03:55:27.688687-0400 INFO Database connection established
2025-07-14T03:55:27.690961-0400 INFO Fetched cached data for PFE from DB
2025-07-14T03:55:27.691483-0400 INFO DB cache hit for PFE
2025-07-14T03:55:27.707656-0400 INFO Database connection established
2025-07-14T03:55:27.709606-0400 INFO Fetched cached data for PM from DB
2025-07-14T03:55:27.709976-0400 INFO DB cache hit for PM
2025-07-14T03:55:27.725044-0400 INFO Database connection established
2025-07-14T03:55:27.726914-0400 INFO Fetched cached data for AAPL from DB
2025-07-14T03:55:27.727358-0400 INFO DB cache hit for AAPL
2025-07-14T03:55:27.742347-0400 INFO Database connection established
2025-07-14T03:55:27.744176-0400 INFO Fetched cached data for MSFT from DB
2025-07-14T03:55:27.744600-0400 INFO DB cache hit for MSFT
2025-07-14T03:55:27.759880-0400 INFO Database connection established
2025-07-14T03:55:27.761824-0400 INFO Fetched cached data for GOOGL from DB
2025-07-14T03:55:27.762189-0400 INFO DB cache hit for GOOGL
2025-07-14T03:55:27.778274-0400 INFO Database connection established
2025-07-14T03:55:27.780412-0400 INFO Fetched cached data for JPM from DB
2025-07-14T03:55:27.780795-0400 INFO DB cache hit for JPM
2025-07-14T03:55:27.802570-0400 INFO Database connection established
2025-07-14T03:55:27.804458-0400 INFO Fetched cached data for XOM from DB
2025-07-14T03:55:27.804820-0400 INFO DB cache hit for XOM
2025-07-14T03:55:27.830586-0400 INFO Database connection established
2025-07-14T03:55:27.832454-0400 INFO Fetched cached data for NVDA from DB
2025-07-14T03:55:27.832817-0400 INFO DB cache hit for NVDA
2025-07-14T03:55:27.848701-0400 INFO Database connection established
2025-07-14T03:55:27.850648-0400 INFO Fetched cached data for AMD from DB
2025-07-14T03:55:27.851055-0400 INFO DB cache hit for AMD
2025-07-14T03:55:27.866533-0400 INFO Database connection established
2025-07-14T03:55:27.868579-0400 INFO Fetched cached data for TSLA from DB
2025-07-14T03:55:27.868951-0400 INFO DB cache hit for TSLA
2025-07-14T03:55:27.885041-0400 INFO Database connection established
2025-07-14T03:55:27.886917-0400 INFO Fetched cached data for RGTI from DB
2025-07-14T03:55:27.887327-0400 INFO DB cache hit for RGTI
2025-07-14T03:55:27.902934-0400 INFO Database connection established
2025-07-14T03:55:27.904752-0400 INFO Fetched cached data for MARA from DB
2025-07-14T03:55:27.905144-0400 INFO DB cache hit for MARA
2025-07-14T03:55:27.921431-0400 INFO Database connection established
2025-07-14T03:55:27.923793-0400 INFO Fetched cached data for OKLO from DB
2025-07-14T03:55:27.924152-0400 INFO DB cache hit for OKLO
2025-07-14T03:55:27.949164-0400 INFO Database connection established
2025-07-14T03:55:27.951484-0400 INFO Fetched cached data for UEC from DB
2025-07-14T03:55:27.951877-0400 INFO DB cache hit for UEC
2025-07-14T03:55:27.966956-0400 INFO Database connection established
2025-07-14T03:55:27.968917-0400 INFO Fetched cached data for LTBR from DB
2025-07-14T03:55:27.969297-0400 INFO DB cache hit for LTBR
2025-07-14T03:55:27.985024-0400 INFO Database connection established
2025-07-14T03:55:27.987017-0400 INFO Fetched cached data for NEE from DB
2025-07-14T03:55:27.987392-0400 INFO DB cache hit for NEE
2025-07-14T03:55:28.003175-0400 INFO Database connection established
2025-07-14T03:55:28.005214-0400 INFO Fetched cached data for ENPH from DB
2025-07-14T03:55:28.005646-0400 INFO DB cache hit for ENPH
2025-07-14T03:55:28.007486-0400 INFO Emitted batch update for 25 stocks
2025-07-14T03:55:29.975645-0400 INFO Database connection established
2025-07-14T03:55:29.995368-0400 INFO Database connection established
2025-07-14T03:55:29.996521-0400 ERROR Failed to calculate holdings metrics: column "purchase_price" does not exist
LINE 1: SELECT id, symbol, purchase_price, shares FROM stocks WHERE ...
                           ^

2025-07-14T03:55:30.231783-0400 INFO Fetched breaking news from NewsAPI
2025-07-14T03:55:36.979711-0400 WARNING Invalid add stock form submission: {'symbol': ['Invalid stock symbol']}
2025-07-14T03:55:59.610313-0400 INFO Database connection established
2025-07-14T03:55:59.627790-0400 INFO Database connection established
2025-07-14T03:55:59.628855-0400 ERROR Failed to calculate holdings metrics: column "purchase_price" does not exist
LINE 1: SELECT id, symbol, purchase_price, shares FROM stocks WHERE ...
                           ^

2025-07-14T03:55:59.773973-0400 INFO Fetched breaking news from NewsAPI
