2025-07-14T04:54:09.644864-0400 INFO Client connected
2025-07-14T04:54:09.668914-0400 INFO Database connection established
2025-07-14T04:54:09.686078-0400 INFO Database connection established
2025-07-14T04:54:09.688133-0400 INFO Fetched cached data for AMPX from DB
2025-07-14T04:54:09.688516-0400 INFO DB cache hit for AMPX
2025-07-14T04:54:09.703426-0400 INFO Database connection established
2025-07-14T04:54:09.705382-0400 INFO Fetched cached data for ABCL from DB
2025-07-14T04:54:09.705727-0400 INFO DB cache hit for ABCL
2025-07-14T04:54:09.721748-0400 INFO Database connection established
2025-07-14T04:54:09.723792-0400 INFO Fetched cached data for RZLV from DB
2025-07-14T04:54:09.724203-0400 INFO DB cache hit for RZLV
2025-07-14T04:54:09.739187-0400 INFO Database connection established
2025-07-14T04:54:09.741128-0400 INFO Fetched cached data for SBET from DB
2025-07-14T04:54:09.741546-0400 INFO DB cache hit for SBET
2025-07-14T04:54:09.756734-0400 INFO Database connection established
2025-07-14T04:54:09.758597-0400 INFO Fetched cached data for KULR from DB
2025-07-14T04:54:09.758982-0400 INFO DB cache hit for KULR
2025-07-14T04:54:09.776277-0400 INFO Database connection established
2025-07-14T04:54:09.779127-0400 INFO Fetched cached data for JNJ from DB
2025-07-14T04:54:09.779644-0400 INFO DB cache hit for JNJ
2025-07-14T04:54:09.802846-0400 INFO Database connection established
2025-07-14T04:54:09.805120-0400 INFO Fetched cached data for PG from DB
2025-07-14T04:54:09.805573-0400 INFO DB cache hit for PG
2025-07-14T04:54:09.820295-0400 INFO Database connection established
2025-07-14T04:54:09.822400-0400 INFO Fetched cached data for KO from DB
2025-07-14T04:54:09.822811-0400 INFO DB cache hit for KO
2025-07-14T04:54:09.837808-0400 INFO Database connection established
2025-07-14T04:54:09.839645-0400 INFO Fetched cached data for PFE from DB
2025-07-14T04:54:09.840050-0400 INFO DB cache hit for PFE
2025-07-14T04:54:09.856623-0400 INFO Database connection established
2025-07-14T04:54:09.858607-0400 INFO Fetched cached data for PM from DB
2025-07-14T04:54:09.858983-0400 INFO DB cache hit for PM
2025-07-14T04:54:09.874539-0400 INFO Database connection established
2025-07-14T04:54:09.876515-0400 INFO Fetched cached data for AAPL from DB
2025-07-14T04:54:09.876924-0400 INFO DB cache hit for AAPL
2025-07-14T04:54:09.892908-0400 INFO Database connection established
2025-07-14T04:54:09.894749-0400 INFO Fetched cached data for MSFT from DB
2025-07-14T04:54:09.895107-0400 INFO DB cache hit for MSFT
2025-07-14T04:54:09.917829-0400 INFO Database connection established
2025-07-14T04:54:09.920195-0400 INFO Fetched cached data for GOOGL from DB
2025-07-14T04:54:09.921767-0400 INFO DB cache hit for GOOGL
2025-07-14T04:54:09.948760-0400 INFO Database connection established
2025-07-14T04:54:09.950709-0400 INFO Fetched cached data for JPM from DB
2025-07-14T04:54:09.951055-0400 INFO DB cache hit for JPM
2025-07-14T04:54:09.965894-0400 INFO Database connection established
2025-07-14T04:54:09.967857-0400 INFO Fetched cached data for XOM from DB
2025-07-14T04:54:09.968232-0400 INFO DB cache hit for XOM
2025-07-14T04:54:09.984121-0400 INFO Database connection established
2025-07-14T04:54:09.986154-0400 INFO Fetched cached data for NVDA from DB
2025-07-14T04:54:09.986619-0400 INFO DB cache hit for NVDA
2025-07-14T04:54:10.002318-0400 INFO Database connection established
2025-07-14T04:54:10.004372-0400 INFO Fetched cached data for AMD from DB
2025-07-14T04:54:10.004718-0400 INFO DB cache hit for AMD
2025-07-14T04:54:10.021121-0400 INFO Database connection established
2025-07-14T04:54:10.023169-0400 INFO Fetched cached data for RGTI from DB
2025-07-14T04:54:10.023540-0400 INFO DB cache hit for RGTI
2025-07-14T04:54:10.039586-0400 INFO Database connection established
2025-07-14T04:54:10.041387-0400 INFO Fetched cached data for MARA from DB
2025-07-14T04:54:10.041732-0400 INFO DB cache hit for MARA
2025-07-14T04:54:10.064934-0400 INFO Database connection established
2025-07-14T04:54:10.066942-0400 INFO Fetched cached data for OKLO from DB
2025-07-14T04:54:10.067349-0400 INFO DB cache hit for OKLO
2025-07-14T04:54:10.083585-0400 INFO Database connection established
2025-07-14T04:54:10.085594-0400 INFO Fetched cached data for UEC from DB
2025-07-14T04:54:10.086008-0400 INFO DB cache hit for UEC
2025-07-14T04:54:10.100731-0400 INFO Database connection established
2025-07-14T04:54:10.102653-0400 INFO Fetched cached data for LTBR from DB
2025-07-14T04:54:10.103052-0400 INFO DB cache hit for LTBR
2025-07-14T04:54:10.119102-0400 INFO Database connection established
2025-07-14T04:54:10.120990-0400 INFO Fetched cached data for NEE from DB
2025-07-14T04:54:10.121417-0400 INFO DB cache hit for NEE
2025-07-14T04:54:10.137605-0400 INFO Database connection established
2025-07-14T04:54:10.139524-0400 INFO Fetched cached data for ENPH from DB
2025-07-14T04:54:10.139944-0400 INFO DB cache hit for ENPH
2025-07-14T04:54:10.140202-0400 INFO Cache hit for AAPL
2025-07-14T04:54:10.140395-0400 INFO Cache hit for NVDA
2025-07-14T04:54:10.142619-0400 INFO Emitted batch update for 26 stocks
