2025-07-14T04:10:24.657666-0400 INFO Client connected
2025-07-14T04:10:24.673106-0400 INFO Database connection established
2025-07-14T04:10:24.689356-0400 INFO Database connection established
2025-07-14T04:10:24.691272-0400 INFO Fetched cached data for AMPX from DB
2025-07-14T04:10:24.691649-0400 INFO DB cache hit for AMPX
2025-07-14T04:10:24.710517-0400 INFO Database connection established
2025-07-14T04:10:24.713739-0400 INFO Fetched cached data for ABCL from DB
2025-07-14T04:10:24.714173-0400 INFO DB cache hit for ABCL
2025-07-14T04:10:24.738771-0400 INFO Database connection established
2025-07-14T04:10:24.740489-0400 INFO Fetched cached data for RZLV from DB
2025-07-14T04:10:24.740909-0400 INFO DB cache hit for RZLV
2025-07-14T04:10:24.756834-0400 INFO Database connection established
2025-07-14T04:10:24.758648-0400 INFO Fetched cached data for SBET from DB
2025-07-14T04:10:24.758967-0400 INFO DB cache hit for SBET
2025-07-14T04:10:24.774698-0400 INFO Database connection established
2025-07-14T04:10:24.776545-0400 INFO Fetched cached data for KULR from DB
2025-07-14T04:10:24.776894-0400 INFO DB cache hit for KULR
2025-07-14T04:10:24.792167-0400 INFO Database connection established
2025-07-14T04:10:24.794141-0400 INFO Fetched cached data for JNJ from DB
2025-07-14T04:10:24.794551-0400 INFO DB cache hit for JNJ
2025-07-14T04:10:24.810820-0400 INFO Database connection established
2025-07-14T04:10:24.812813-0400 INFO Fetched cached data for PG from DB
2025-07-14T04:10:24.813207-0400 INFO DB cache hit for PG
2025-07-14T04:10:24.829302-0400 INFO Database connection established
2025-07-14T04:10:24.831262-0400 INFO Fetched cached data for KO from DB
2025-07-14T04:10:24.831646-0400 INFO DB cache hit for KO
2025-07-14T04:10:24.853353-0400 INFO Database connection established
2025-07-14T04:10:24.855256-0400 INFO Fetched cached data for PFE from DB
2025-07-14T04:10:24.855646-0400 INFO DB cache hit for PFE
2025-07-14T04:10:24.881931-0400 INFO Database connection established
2025-07-14T04:10:24.884185-0400 INFO Fetched cached data for PM from DB
2025-07-14T04:10:24.884529-0400 INFO DB cache hit for PM
2025-07-14T04:10:24.900055-0400 INFO Database connection established
2025-07-14T04:10:24.902402-0400 INFO Fetched cached data for AAPL from DB
2025-07-14T04:10:24.902780-0400 INFO DB cache hit for AAPL
2025-07-14T04:10:24.919114-0400 INFO Database connection established
2025-07-14T04:10:24.921121-0400 INFO Fetched cached data for MSFT from DB
2025-07-14T04:10:24.921547-0400 INFO DB cache hit for MSFT
2025-07-14T04:10:24.936817-0400 INFO Database connection established
2025-07-14T04:10:24.938644-0400 INFO Fetched cached data for GOOGL from DB
2025-07-14T04:10:24.939079-0400 INFO DB cache hit for GOOGL
2025-07-14T04:10:24.954505-0400 INFO Database connection established
2025-07-14T04:10:24.956431-0400 INFO Fetched cached data for JPM from DB
2025-07-14T04:10:24.956784-0400 INFO DB cache hit for JPM
2025-07-14T04:10:24.973611-0400 INFO Database connection established
2025-07-14T04:10:24.975983-0400 INFO Fetched cached data for XOM from DB
2025-07-14T04:10:24.976371-0400 INFO DB cache hit for XOM
2025-07-14T04:10:24.999823-0400 INFO Database connection established
2025-07-14T04:10:25.001844-0400 INFO Fetched cached data for NVDA from DB
2025-07-14T04:10:25.002242-0400 INFO DB cache hit for NVDA
2025-07-14T04:10:25.018654-0400 INFO Database connection established
2025-07-14T04:10:25.020609-0400 INFO Fetched cached data for AMD from DB
2025-07-14T04:10:25.021016-0400 INFO DB cache hit for AMD
2025-07-14T04:10:25.037029-0400 INFO Database connection established
2025-07-14T04:10:25.039034-0400 INFO Fetched cached data for TSLA from DB
2025-07-14T04:10:25.039385-0400 INFO DB cache hit for TSLA
2025-07-14T04:10:25.056061-0400 INFO Database connection established
2025-07-14T04:10:25.058191-0400 INFO Fetched cached data for RGTI from DB
2025-07-14T04:10:25.058601-0400 INFO DB cache hit for RGTI
2025-07-14T04:10:25.074546-0400 INFO Database connection established
2025-07-14T04:10:25.076476-0400 INFO Fetched cached data for MARA from DB
2025-07-14T04:10:25.076914-0400 INFO DB cache hit for MARA
2025-07-14T04:10:25.095111-0400 INFO Database connection established
2025-07-14T04:10:25.097104-0400 INFO Fetched cached data for OKLO from DB
2025-07-14T04:10:25.097475-0400 INFO DB cache hit for OKLO
2025-07-14T04:10:25.116183-0400 INFO Database connection established
2025-07-14T04:10:25.120672-0400 INFO Fetched cached data for UEC from DB
2025-07-14T04:10:25.121312-0400 INFO DB cache hit for UEC
2025-07-14T04:10:25.142520-0400 INFO Database connection established
2025-07-14T04:10:25.144684-0400 INFO Fetched cached data for LTBR from DB
2025-07-14T04:10:25.145115-0400 INFO DB cache hit for LTBR
2025-07-14T04:10:25.160386-0400 INFO Database connection established
2025-07-14T04:10:25.162349-0400 INFO Fetched cached data for NEE from DB
2025-07-14T04:10:25.162789-0400 INFO DB cache hit for NEE
2025-07-14T04:10:25.178771-0400 INFO Database connection established
2025-07-14T04:10:25.180654-0400 INFO Fetched cached data for ENPH from DB
2025-07-14T04:10:25.181030-0400 INFO DB cache hit for ENPH
2025-07-14T04:10:25.181219-0400 INFO Cache hit for AAPL
2025-07-14T04:10:25.181400-0400 INFO Cache hit for NVDA
2025-07-14T04:10:25.183447-0400 INFO Emitted batch update for 27 stocks
2025-07-14T04:10:26.904883-0400 INFO Database connection established
2025-07-14T04:10:26.924302-0400 INFO Database connection established
2025-07-14T04:10:26.927792-0400 INFO Fetched cached data for AAPL from DB
2025-07-14T04:10:26.947807-0400 INFO Database connection established
2025-07-14T04:10:26.949658-0400 INFO Fetched cached data for ABCL from DB
2025-07-14T04:10:26.965762-0400 INFO Database connection established
2025-07-14T04:10:26.967647-0400 INFO Fetched cached data for AMD from DB
2025-07-14T04:10:26.983286-0400 INFO Database connection established
2025-07-14T04:10:26.985399-0400 INFO Fetched cached data for AMPX from DB
2025-07-14T04:10:27.001206-0400 INFO Database connection established
2025-07-14T04:10:27.003293-0400 INFO Fetched cached data for ENPH from DB
2025-07-14T04:10:27.018598-0400 INFO Database connection established
2025-07-14T04:10:27.020417-0400 INFO Fetched cached data for GOOGL from DB
2025-07-14T04:10:27.036977-0400 INFO Database connection established
2025-07-14T04:10:27.039298-0400 INFO Fetched cached data for JNJ from DB
2025-07-14T04:10:27.056234-0400 INFO Database connection established
2025-07-14T04:10:27.058615-0400 INFO Fetched cached data for JPM from DB
2025-07-14T04:10:27.078605-0400 INFO Database connection established
2025-07-14T04:10:27.080679-0400 INFO Fetched cached data for KO from DB
2025-07-14T04:10:27.101246-0400 INFO Database connection established
2025-07-14T04:10:27.103189-0400 INFO Fetched cached data for KULR from DB
2025-07-14T04:10:27.118462-0400 INFO Database connection established
2025-07-14T04:10:27.120400-0400 INFO Fetched cached data for LTBR from DB
2025-07-14T04:10:27.135884-0400 INFO Database connection established
2025-07-14T04:10:27.137949-0400 INFO Fetched cached data for MARA from DB
2025-07-14T04:10:27.153053-0400 INFO Database connection established
2025-07-14T04:10:27.155129-0400 INFO Fetched cached data for MSFT from DB
2025-07-14T04:10:27.171080-0400 INFO Database connection established
2025-07-14T04:10:27.173419-0400 INFO Fetched cached data for NEE from DB
2025-07-14T04:10:27.191232-0400 INFO Database connection established
2025-07-14T04:10:27.193095-0400 INFO Fetched cached data for NVDA from DB
2025-07-14T04:10:27.214227-0400 INFO Database connection established
2025-07-14T04:10:27.216201-0400 INFO Fetched cached data for OKLO from DB
2025-07-14T04:10:27.232334-0400 INFO Database connection established
2025-07-14T04:10:27.234434-0400 INFO Fetched cached data for PFE from DB
2025-07-14T04:10:27.250829-0400 INFO Database connection established
2025-07-14T04:10:27.252889-0400 INFO Fetched cached data for PG from DB
2025-07-14T04:10:27.269029-0400 INFO Database connection established
2025-07-14T04:10:27.270878-0400 INFO Fetched cached data for PM from DB
2025-07-14T04:10:27.285992-0400 INFO Database connection established
2025-07-14T04:10:27.288109-0400 INFO Fetched cached data for RGTI from DB
2025-07-14T04:10:27.303647-0400 INFO Database connection established
2025-07-14T04:10:27.305921-0400 INFO Fetched cached data for RZLV from DB
2025-07-14T04:10:27.323129-0400 INFO Database connection established
2025-07-14T04:10:27.324918-0400 INFO Fetched cached data for SBET from DB
2025-07-14T04:10:27.348016-0400 INFO Database connection established
2025-07-14T04:10:27.350016-0400 INFO Fetched cached data for TSLA from DB
2025-07-14T04:10:27.365711-0400 INFO Database connection established
2025-07-14T04:10:27.367662-0400 INFO Fetched cached data for UEC from DB
2025-07-14T04:10:27.383828-0400 INFO Database connection established
2025-07-14T04:10:27.386022-0400 INFO Fetched cached data for XOM from DB
2025-07-14T04:10:27.520674-0400 INFO Fetched breaking news from NewsAPI
2025-07-14T04:10:27.940201-0400 INFO Client connected
2025-07-14T04:10:33.258086-0400 INFO Database connection established
2025-07-14T04:10:33.276051-0400 INFO Database connection established
2025-07-14T04:10:33.277994-0400 INFO Fetched cached data for AMD from DB
2025-07-14T04:10:33.296296-0400 INFO Database connection established
2025-07-14T04:10:33.299193-0400 INFO Fetched cached data for MARA from DB
2025-07-14T04:10:33.318894-0400 INFO Database connection established
2025-07-14T04:10:33.320792-0400 INFO Fetched cached data for NVDA from DB
2025-07-14T04:10:33.337841-0400 INFO Database connection established
2025-07-14T04:10:33.339892-0400 INFO Fetched cached data for RGTI from DB
2025-07-14T04:10:33.355991-0400 INFO Database connection established
2025-07-14T04:10:33.357972-0400 INFO Fetched cached data for TSLA from DB
2025-07-14T04:10:33.497907-0400 INFO Fetched breaking news from NewsAPI
2025-07-14T04:10:33.841515-0400 INFO Client connected
2025-07-14T04:10:45.190881-0400 INFO Database connection established
2025-07-14T04:10:45.208352-0400 INFO Database connection established
2025-07-14T04:10:45.210263-0400 INFO Fetched cached data for JNJ from DB
2025-07-14T04:10:45.225943-0400 INFO Database connection established
2025-07-14T04:10:45.227979-0400 INFO Fetched cached data for KO from DB
2025-07-14T04:10:45.243585-0400 INFO Database connection established
2025-07-14T04:10:45.245519-0400 INFO Fetched cached data for PFE from DB
2025-07-14T04:10:45.268504-0400 INFO Database connection established
2025-07-14T04:10:45.270454-0400 INFO Fetched cached data for PG from DB
2025-07-14T04:10:45.292351-0400 INFO Database connection established
2025-07-14T04:10:45.294346-0400 INFO Fetched cached data for PM from DB
2025-07-14T04:10:45.437999-0400 INFO Fetched breaking news from NewsAPI
2025-07-14T04:10:45.698767-0400 INFO Client connected
2025-07-14T04:10:46.903238-0400 INFO Database connection established
2025-07-14T04:10:46.921172-0400 INFO Database connection established
2025-07-14T04:10:46.923165-0400 INFO Fetched cached data for AAPL from DB
2025-07-14T04:10:46.939289-0400 INFO Database connection established
2025-07-14T04:10:46.941366-0400 INFO Fetched cached data for GOOGL from DB
2025-07-14T04:10:46.960142-0400 INFO Database connection established
2025-07-14T04:10:46.962444-0400 INFO Fetched cached data for JPM from DB
2025-07-14T04:10:46.984900-0400 INFO Database connection established
2025-07-14T04:10:46.986824-0400 INFO Fetched cached data for MSFT from DB
2025-07-14T04:10:47.003063-0400 INFO Database connection established
2025-07-14T04:10:47.005200-0400 INFO Fetched cached data for XOM from DB
2025-07-14T04:10:47.147313-0400 INFO Fetched breaking news from NewsAPI
2025-07-14T04:10:47.386102-0400 INFO Client connected
2025-07-14T04:10:48.886393-0400 INFO Database connection established
2025-07-14T04:10:48.910832-0400 INFO Database connection established
2025-07-14T04:10:48.913563-0400 INFO Fetched cached data for ABCL from DB
2025-07-14T04:10:48.935349-0400 INFO Database connection established
2025-07-14T04:10:48.937534-0400 INFO Fetched cached data for AMPX from DB
2025-07-14T04:10:48.953661-0400 INFO Database connection established
2025-07-14T04:10:48.955540-0400 INFO Fetched cached data for KULR from DB
2025-07-14T04:10:48.971484-0400 INFO Database connection established
2025-07-14T04:10:48.973558-0400 INFO Fetched cached data for RZLV from DB
2025-07-14T04:10:48.990833-0400 INFO Database connection established
2025-07-14T04:10:48.993054-0400 INFO Fetched cached data for SBET from DB
2025-07-14T04:10:49.142483-0400 INFO Fetched breaking news from NewsAPI
2025-07-14T04:10:49.439613-0400 INFO Client connected
2025-07-14T04:10:50.870895-0400 INFO Database connection established
2025-07-14T04:10:50.896808-0400 INFO Database connection established
2025-07-14T04:10:50.898797-0400 INFO Cache hit for AAPL
2025-07-14T04:10:50.915002-0400 INFO Database connection established
2025-07-14T04:10:50.917001-0400 INFO Cache hit for NVDA
2025-07-14T04:10:50.932922-0400 INFO Database connection established
2025-07-14T04:10:50.950378-0400 INFO Database connection established
2025-07-14T04:10:50.952494-0400 INFO Cache hit for AAPL
2025-07-14T04:13:32.977385-0400 INFO Database connection established
2025-07-14T04:13:32.995300-0400 INFO Database connection established
2025-07-14T04:13:32.997306-0400 INFO Cache hit for AAPL
2025-07-14T04:13:33.013735-0400 INFO Database connection established
2025-07-14T04:13:33.015723-0400 INFO Cache hit for NVDA
2025-07-14T04:13:33.031801-0400 INFO Database connection established
2025-07-14T04:13:33.048268-0400 INFO Database connection established
2025-07-14T04:13:33.050285-0400 INFO Cache hit for AAPL
2025-07-14T04:13:35.125941-0400 INFO Client connected
