2025-07-14T02:52:30.722028-0400 INFO Client connected
2025-07-14T02:52:30.763826-0400 INFO Database connection established
2025-07-14T02:52:30.811229-0400 INFO Database connection established
2025-07-14T02:52:30.815733-0400 INFO Fetched cached data for AMPX from DB
2025-07-14T02:52:30.816425-0400 INFO DB cache hit for AMPX
2025-07-14T02:52:30.862129-0400 INFO Database connection established
2025-07-14T02:52:30.870704-0400 INFO Fetched cached data for ABCL from DB
2025-07-14T02:52:30.871356-0400 INFO DB cache hit for ABCL
2025-07-14T02:52:30.919441-0400 INFO Database connection established
2025-07-14T02:52:30.922819-0400 INFO Fetched cached data for RZLV from DB
2025-07-14T02:52:30.923597-0400 INFO DB cache hit for RZLV
2025-07-14T02:52:30.968073-0400 INFO Database connection established
2025-07-14T02:52:30.972953-0400 INFO Fetched cached data for SBET from DB
2025-07-14T02:52:30.973480-0400 INFO DB cache hit for SBET
2025-07-14T02:52:31.004916-0400 INFO Database connection established
2025-07-14T02:52:31.008253-0400 INFO Fetched cached data for KULR from DB
2025-07-14T02:52:31.011549-0400 INFO DB cache hit for KULR
2025-07-14T02:52:31.038424-0400 INFO Database connection established
2025-07-14T02:52:31.041678-0400 INFO Fetched cached data for JNJ from DB
2025-07-14T02:52:31.042169-0400 INFO DB cache hit for JNJ
2025-07-14T02:52:31.083710-0400 INFO Database connection established
2025-07-14T02:52:31.086756-0400 INFO Fetched cached data for PG from DB
2025-07-14T02:52:31.087306-0400 INFO DB cache hit for PG
2025-07-14T02:52:31.125499-0400 INFO Database connection established
2025-07-14T02:52:31.129229-0400 INFO Fetched cached data for KO from DB
2025-07-14T02:52:31.129784-0400 INFO DB cache hit for KO
2025-07-14T02:52:31.175460-0400 INFO Database connection established
2025-07-14T02:52:31.184583-0400 INFO Fetched cached data for PFE from DB
2025-07-14T02:52:31.185232-0400 INFO DB cache hit for PFE
2025-07-14T02:52:31.234160-0400 INFO Database connection established
2025-07-14T02:52:31.237845-0400 INFO Fetched cached data for PM from DB
2025-07-14T02:52:31.238422-0400 INFO DB cache hit for PM
2025-07-14T02:52:31.294416-0400 INFO Database connection established
2025-07-14T02:52:31.299835-0400 INFO Fetched cached data for AAPL from DB
2025-07-14T02:52:31.300751-0400 INFO DB cache hit for AAPL
2025-07-14T02:52:31.350798-0400 INFO Database connection established
2025-07-14T02:52:31.359513-0400 INFO Fetched cached data for MSFT from DB
2025-07-14T02:52:31.360141-0400 INFO DB cache hit for MSFT
2025-07-14T02:52:31.408555-0400 INFO Database connection established
2025-07-14T02:52:31.412253-0400 INFO Fetched cached data for GOOGL from DB
2025-07-14T02:52:31.412974-0400 INFO DB cache hit for GOOGL
2025-07-14T02:52:31.456553-0400 INFO Database connection established
2025-07-14T02:52:31.459749-0400 INFO Fetched cached data for JPM from DB
2025-07-14T02:52:31.460256-0400 INFO DB cache hit for JPM
2025-07-14T02:52:31.485124-0400 INFO Database connection established
2025-07-14T02:52:31.488941-0400 INFO Fetched cached data for XOM from DB
2025-07-14T02:52:31.492633-0400 INFO DB cache hit for XOM
2025-07-14T02:52:31.521881-0400 INFO Database connection established
2025-07-14T02:52:31.524883-0400 INFO Fetched cached data for NVDA from DB
2025-07-14T02:52:31.525347-0400 INFO DB cache hit for NVDA
2025-07-14T02:52:31.560447-0400 INFO Database connection established
2025-07-14T02:52:31.564449-0400 INFO Fetched cached data for AMD from DB
2025-07-14T02:52:31.564953-0400 INFO DB cache hit for AMD
2025-07-14T02:52:31.610185-0400 INFO Database connection established
2025-07-14T02:52:31.614011-0400 INFO Fetched cached data for TSLA from DB
2025-07-14T02:52:31.614584-0400 INFO DB cache hit for TSLA
2025-07-14T02:52:31.668443-0400 INFO Database connection established
2025-07-14T02:52:31.674928-0400 INFO Fetched cached data for RGTI from DB
2025-07-14T02:52:31.675634-0400 INFO DB cache hit for RGTI
2025-07-14T02:52:31.727154-0400 INFO Database connection established
2025-07-14T02:52:31.731449-0400 INFO Fetched cached data for MARA from DB
2025-07-14T02:52:31.732486-0400 INFO DB cache hit for MARA
2025-07-14T02:52:31.793794-0400 INFO Database connection established
2025-07-14T02:52:31.797854-0400 INFO Fetched cached data for OKLO from DB
2025-07-14T02:52:31.798410-0400 INFO DB cache hit for OKLO
2025-07-14T02:52:31.851732-0400 INFO Database connection established
2025-07-14T02:52:31.859714-0400 INFO Fetched cached data for UEC from DB
2025-07-14T02:52:31.860309-0400 INFO DB cache hit for UEC
2025-07-14T02:52:31.892757-0400 INFO Database connection established
2025-07-14T02:52:31.897469-0400 INFO Fetched cached data for LTBR from DB
2025-07-14T02:52:31.897974-0400 INFO DB cache hit for LTBR
2025-07-14T02:52:31.937418-0400 INFO Database connection established
2025-07-14T02:52:31.940693-0400 INFO Fetched cached data for NEE from DB
2025-07-14T02:52:31.941197-0400 INFO DB cache hit for NEE
2025-07-14T02:52:31.968361-0400 INFO Database connection established
2025-07-14T02:52:31.975274-0400 INFO Fetched cached data for ENPH from DB
2025-07-14T02:52:31.975959-0400 INFO DB cache hit for ENPH
2025-07-14T02:52:31.978853-0400 INFO Emitted batch update for 25 stocks
2025-07-14T02:52:33.018356-0400 INFO Database connection established
2025-07-14T02:52:33.075652-0400 INFO Database connection established
2025-07-14T02:52:33.079963-0400 INFO Fetched cached data for AMD from DB
2025-07-14T02:52:33.112921-0400 INFO Database connection established
2025-07-14T02:52:33.117613-0400 INFO Fetched cached data for MARA from DB
2025-07-14T02:52:33.157156-0400 INFO Database connection established
2025-07-14T02:52:33.159731-0400 INFO Fetched cached data for NVDA from DB
2025-07-14T02:52:33.194095-0400 INFO Database connection established
2025-07-14T02:52:33.196696-0400 INFO Fetched cached data for RGTI from DB
2025-07-14T02:52:33.224570-0400 INFO Database connection established
2025-07-14T02:52:33.233507-0400 INFO Fetched cached data for TSLA from DB
2025-07-14T02:52:33.466313-0400 INFO Fetched breaking news from NewsAPI
2025-07-14T02:52:33.826133-0400 INFO Client connected
2025-07-14T02:54:10.476340-0400 INFO Database connection established
2025-07-14T02:54:10.506889-0400 INFO Database connection established
2025-07-14T02:54:10.510449-0400 INFO Fetched cached data for AMD from DB
2025-07-14T02:54:10.536697-0400 INFO Database connection established
2025-07-14T02:54:10.539148-0400 INFO Fetched cached data for MARA from DB
2025-07-14T02:54:10.580721-0400 INFO Database connection established
2025-07-14T02:54:10.586162-0400 INFO Fetched cached data for NVDA from DB
2025-07-14T02:54:10.626435-0400 INFO Database connection established
2025-07-14T02:54:10.629383-0400 INFO Fetched cached data for RGTI from DB
2025-07-14T02:54:10.670343-0400 INFO Database connection established
2025-07-14T02:54:10.674078-0400 INFO Fetched cached data for TSLA from DB
2025-07-14T02:54:10.829758-0400 INFO Fetched breaking news from NewsAPI
2025-07-14T02:54:11.079019-0400 INFO Client connected
2025-07-14T02:54:12.669542-0400 INFO Database connection established
2025-07-14T02:54:12.716910-0400 INFO Database connection established
2025-07-14T02:54:12.720641-0400 INFO Fetched cached data for ENPH from DB
2025-07-14T02:54:12.774762-0400 INFO Database connection established
2025-07-14T02:54:12.778107-0400 INFO Fetched cached data for LTBR from DB
2025-07-14T02:54:12.813451-0400 INFO Database connection established
2025-07-14T02:54:12.817424-0400 INFO Fetched cached data for NEE from DB
2025-07-14T02:54:12.857311-0400 INFO Database connection established
2025-07-14T02:54:12.859851-0400 INFO Fetched cached data for OKLO from DB
2025-07-14T02:54:12.897533-0400 INFO Database connection established
2025-07-14T02:54:12.901393-0400 INFO Fetched cached data for UEC from DB
2025-07-14T02:54:13.054763-0400 INFO Fetched breaking news from NewsAPI
2025-07-14T02:54:13.295524-0400 INFO Client connected
2025-07-14T02:54:14.919124-0400 INFO Database connection established
2025-07-14T02:54:14.969211-0400 INFO Database connection established
2025-07-14T02:54:14.977846-0400 INFO Fetched cached data for JNJ from DB
2025-07-14T02:54:15.016643-0400 INFO Database connection established
2025-07-14T02:54:15.024171-0400 INFO Fetched cached data for KO from DB
2025-07-14T02:54:15.076884-0400 INFO Database connection established
2025-07-14T02:54:15.080071-0400 INFO Fetched cached data for PFE from DB
2025-07-14T02:54:15.123966-0400 INFO Database connection established
2025-07-14T02:54:15.128159-0400 INFO Fetched cached data for PG from DB
2025-07-14T02:54:15.171194-0400 INFO Database connection established
2025-07-14T02:54:15.176074-0400 INFO Fetched cached data for PM from DB
2025-07-14T02:54:15.319160-0400 INFO Fetched breaking news from NewsAPI
2025-07-14T02:54:15.631095-0400 INFO Client connected
2025-07-14T02:54:17.177743-0400 INFO Database connection established
2025-07-14T02:54:17.233324-0400 INFO Database connection established
2025-07-14T02:54:17.238587-0400 INFO Fetched cached data for AAPL from DB
2025-07-14T02:54:17.288378-0400 INFO Database connection established
2025-07-14T02:54:17.292653-0400 INFO Fetched cached data for GOOGL from DB
2025-07-14T02:54:17.352849-0400 INFO Database connection established
2025-07-14T02:54:17.357805-0400 INFO Fetched cached data for JPM from DB
2025-07-14T02:54:17.405477-0400 INFO Database connection established
2025-07-14T02:54:17.409759-0400 INFO Fetched cached data for MSFT from DB
2025-07-14T02:54:17.457481-0400 INFO Database connection established
2025-07-14T02:54:17.462029-0400 INFO Fetched cached data for XOM from DB
2025-07-14T02:54:17.614030-0400 INFO Fetched breaking news from NewsAPI
2025-07-14T02:54:17.909421-0400 INFO Client connected
2025-07-14T02:54:19.454467-0400 INFO Database connection established
2025-07-14T02:54:19.496259-0400 INFO Database connection established
2025-07-14T02:54:19.500361-0400 INFO Fetched cached data for ABCL from DB
2025-07-14T02:54:19.545487-0400 INFO Database connection established
2025-07-14T02:54:19.549678-0400 INFO Fetched cached data for AMPX from DB
2025-07-14T02:54:19.598588-0400 INFO Database connection established
2025-07-14T02:54:19.602887-0400 INFO Fetched cached data for KULR from DB
2025-07-14T02:54:19.648962-0400 INFO Database connection established
2025-07-14T02:54:19.652619-0400 INFO Fetched cached data for RZLV from DB
2025-07-14T02:54:19.714853-0400 INFO Database connection established
2025-07-14T02:54:19.717776-0400 INFO Fetched cached data for SBET from DB
2025-07-14T02:54:19.894665-0400 INFO Fetched breaking news from NewsAPI
2025-07-14T02:54:20.171068-0400 INFO Client connected
2025-07-14T02:54:25.699414-0400 INFO Database connection established
2025-07-14T02:54:25.743566-0400 INFO Database connection established
2025-07-14T02:54:25.747631-0400 INFO Fetched cached data for AMD from DB
2025-07-14T02:54:25.774292-0400 INFO Database connection established
2025-07-14T02:54:25.780060-0400 INFO Fetched cached data for MARA from DB
2025-07-14T02:54:25.825079-0400 INFO Database connection established
2025-07-14T02:54:25.828734-0400 INFO Fetched cached data for NVDA from DB
2025-07-14T02:54:25.867002-0400 INFO Database connection established
2025-07-14T02:54:25.870274-0400 INFO Fetched cached data for RGTI from DB
2025-07-14T02:54:25.912376-0400 INFO Database connection established
2025-07-14T02:54:25.916447-0400 INFO Fetched cached data for TSLA from DB
2025-07-14T02:54:26.068673-0400 INFO Fetched breaking news from NewsAPI
2025-07-14T02:54:26.310589-0400 INFO Client connected
2025-07-14T02:54:28.276304-0400 INFO Database connection established
2025-07-14T02:54:28.344683-0400 INFO Database connection established
2025-07-14T02:54:28.347557-0400 INFO Fetched cached data for ENPH from DB
2025-07-14T02:54:28.389958-0400 INFO Database connection established
2025-07-14T02:54:28.394015-0400 INFO Fetched cached data for LTBR from DB
2025-07-14T02:54:28.436878-0400 INFO Database connection established
2025-07-14T02:54:28.440094-0400 INFO Fetched cached data for NEE from DB
2025-07-14T02:54:28.479801-0400 INFO Database connection established
2025-07-14T02:54:28.484278-0400 INFO Fetched cached data for OKLO from DB
2025-07-14T02:54:28.525789-0400 INFO Database connection established
2025-07-14T02:54:28.532533-0400 INFO Fetched cached data for UEC from DB
2025-07-14T02:54:28.682256-0400 INFO Fetched breaking news from NewsAPI
2025-07-14T02:54:28.935887-0400 INFO Client connected
2025-07-14T02:54:29.736735-0400 INFO Database connection established
2025-07-14T02:54:29.790264-0400 INFO Database connection established
2025-07-14T02:54:29.794071-0400 INFO Fetched cached data for JNJ from DB
2025-07-14T02:54:29.833576-0400 INFO Database connection established
2025-07-14T02:54:29.837320-0400 INFO Fetched cached data for KO from DB
2025-07-14T02:54:29.909799-0400 INFO Database connection established
2025-07-14T02:54:29.916678-0400 INFO Fetched cached data for PFE from DB
2025-07-14T02:54:29.966103-0400 INFO Database connection established
2025-07-14T02:54:29.970050-0400 INFO Fetched cached data for PG from DB
2025-07-14T02:54:30.016113-0400 INFO Database connection established
2025-07-14T02:54:30.019575-0400 INFO Fetched cached data for PM from DB
2025-07-14T02:54:30.154439-0400 INFO Fetched breaking news from NewsAPI
2025-07-14T02:54:30.392635-0400 INFO Client connected
2025-07-14T02:54:31.264629-0400 INFO Database connection established
2025-07-14T02:54:31.316195-0400 INFO Database connection established
2025-07-14T02:54:31.320445-0400 INFO Fetched cached data for AAPL from DB
2025-07-14T02:54:31.366048-0400 INFO Database connection established
2025-07-14T02:54:31.371448-0400 INFO Fetched cached data for GOOGL from DB
2025-07-14T02:54:31.414215-0400 INFO Database connection established
2025-07-14T02:54:31.418452-0400 INFO Fetched cached data for JPM from DB
2025-07-14T02:54:31.480236-0400 INFO Database connection established
2025-07-14T02:54:31.483215-0400 INFO Fetched cached data for MSFT from DB
2025-07-14T02:54:31.534650-0400 INFO Database connection established
2025-07-14T02:54:31.541308-0400 INFO Fetched cached data for XOM from DB
2025-07-14T02:54:31.688443-0400 INFO Fetched breaking news from NewsAPI
2025-07-14T02:54:31.943162-0400 INFO Client connected
2025-07-14T02:54:33.114442-0400 INFO Database connection established
2025-07-14T02:54:33.159934-0400 INFO Database connection established
2025-07-14T02:54:33.163965-0400 INFO Fetched cached data for ABCL from DB
2025-07-14T02:54:33.219979-0400 INFO Database connection established
2025-07-14T02:54:33.223072-0400 INFO Fetched cached data for AMPX from DB
2025-07-14T02:54:33.266017-0400 INFO Database connection established
2025-07-14T02:54:33.270112-0400 INFO Fetched cached data for KULR from DB
2025-07-14T02:54:33.299943-0400 INFO Database connection established
2025-07-14T02:54:33.302720-0400 INFO Fetched cached data for RZLV from DB
2025-07-14T02:54:33.341418-0400 INFO Database connection established
2025-07-14T02:54:33.345338-0400 INFO Fetched cached data for SBET from DB
2025-07-14T02:54:33.483407-0400 INFO Fetched breaking news from NewsAPI
2025-07-14T02:54:33.759107-0400 INFO Client connected
2025-07-14T02:54:36.772973-0400 INFO Database connection established
2025-07-14T02:54:36.811354-0400 INFO Database connection established
2025-07-14T02:54:36.814122-0400 INFO Fetched cached data for AAPL from DB
2025-07-14T02:54:36.846022-0400 INFO Database connection established
2025-07-14T02:54:36.849758-0400 INFO Fetched cached data for ABCL from DB
2025-07-14T02:54:36.889868-0400 INFO Database connection established
2025-07-14T02:54:36.893765-0400 INFO Fetched cached data for AMD from DB
2025-07-14T02:54:36.926761-0400 INFO Database connection established
2025-07-14T02:54:36.929879-0400 INFO Fetched cached data for AMPX from DB
2025-07-14T02:54:36.954369-0400 INFO Database connection established
2025-07-14T02:54:36.957487-0400 INFO Fetched cached data for ENPH from DB
2025-07-14T02:54:37.006834-0400 INFO Database connection established
2025-07-14T02:54:37.012575-0400 INFO Fetched cached data for GOOGL from DB
2025-07-14T02:54:37.058235-0400 INFO Database connection established
2025-07-14T02:54:37.062021-0400 INFO Fetched cached data for JNJ from DB
2025-07-14T02:54:37.108219-0400 INFO Database connection established
2025-07-14T02:54:37.112423-0400 INFO Fetched cached data for JPM from DB
2025-07-14T02:54:37.160451-0400 INFO Database connection established
2025-07-14T02:54:37.168611-0400 INFO Fetched cached data for KO from DB
2025-07-14T02:54:37.220383-0400 INFO Database connection established
2025-07-14T02:54:37.223476-0400 INFO Fetched cached data for KULR from DB
2025-07-14T02:54:37.268706-0400 INFO Database connection established
2025-07-14T02:54:37.272258-0400 INFO Fetched cached data for LTBR from DB
2025-07-14T02:54:37.317232-0400 INFO Database connection established
2025-07-14T02:54:37.322134-0400 INFO Fetched cached data for MARA from DB
2025-07-14T02:54:37.362132-0400 INFO Database connection established
2025-07-14T02:54:37.364653-0400 INFO Fetched cached data for MSFT from DB
2025-07-14T02:54:37.391410-0400 INFO Database connection established
2025-07-14T02:54:37.397469-0400 INFO Fetched cached data for NEE from DB
2025-07-14T02:54:37.438855-0400 INFO Database connection established
2025-07-14T02:54:37.449485-0400 INFO Fetched cached data for NVDA from DB
2025-07-14T02:54:37.496783-0400 INFO Database connection established
2025-07-14T02:54:37.501183-0400 INFO Fetched cached data for OKLO from DB
2025-07-14T02:54:37.546999-0400 INFO Database connection established
2025-07-14T02:54:37.550657-0400 INFO Fetched cached data for PFE from DB
2025-07-14T02:54:37.597072-0400 INFO Database connection established
2025-07-14T02:54:37.601489-0400 INFO Fetched cached data for PG from DB
2025-07-14T02:54:37.648456-0400 INFO Database connection established
2025-07-14T02:54:37.652506-0400 INFO Fetched cached data for PM from DB
2025-07-14T02:54:37.703732-0400 INFO Database connection established
2025-07-14T02:54:37.709034-0400 INFO Fetched cached data for RGTI from DB
2025-07-14T02:54:37.755271-0400 INFO Database connection established
2025-07-14T02:54:37.758954-0400 INFO Fetched cached data for RZLV from DB
2025-07-14T02:54:37.800360-0400 INFO Database connection established
2025-07-14T02:54:37.805395-0400 INFO Fetched cached data for SBET from DB
2025-07-14T02:54:37.843924-0400 INFO Database connection established
2025-07-14T02:54:37.848815-0400 INFO Fetched cached data for TSLA from DB
2025-07-14T02:54:37.883035-0400 INFO Database connection established
2025-07-14T02:54:37.886675-0400 INFO Fetched cached data for UEC from DB
2025-07-14T02:54:37.917608-0400 INFO Database connection established
2025-07-14T02:54:37.920596-0400 INFO Fetched cached data for XOM from DB
2025-07-14T02:54:38.100053-0400 INFO Fetched breaking news from NewsAPI
2025-07-14T02:54:38.425766-0400 INFO Client connected
2025-07-14T02:54:44.236917-0400 INFO Database connection established
2025-07-14T02:54:44.285443-0400 INFO Database connection established
2025-07-14T02:54:44.293749-0400 INFO Fetched cached data for AMD from DB
2025-07-14T02:54:44.346431-0400 INFO Database connection established
2025-07-14T02:54:44.350747-0400 INFO Fetched cached data for MARA from DB
2025-07-14T02:54:44.395541-0400 INFO Database connection established
2025-07-14T02:54:44.399051-0400 INFO Fetched cached data for NVDA from DB
2025-07-14T02:54:44.439127-0400 INFO Database connection established
2025-07-14T02:54:44.443036-0400 INFO Fetched cached data for RGTI from DB
2025-07-14T02:54:44.482896-0400 INFO Database connection established
2025-07-14T02:54:44.486587-0400 INFO Fetched cached data for TSLA from DB
2025-07-14T02:54:44.632681-0400 INFO Fetched breaking news from NewsAPI
2025-07-14T02:54:44.864444-0400 INFO Client connected
