2025-07-14T03:57:52.903580-0400 INFO Database connection established
2025-07-14T03:57:52.920830-0400 INFO Database connection established
2025-07-14T03:57:52.921810-0400 ERROR Failed to calculate holdings metrics: column "purchase_price" does not exist
LINE 1: SELECT id, symbol, purchase_price, shares FROM stocks WHERE ...
                           ^

2025-07-14T03:57:53.059132-0400 INFO Fetched breaking news from NewsAPI
2025-07-14T03:57:57.230909-0400 INFO Database connection established
2025-07-14T03:57:57.247685-0400 INFO Database connection established
2025-07-14T03:57:57.249570-0400 INFO Fetched cached data for AAPL from DB
2025-07-14T03:57:57.269779-0400 INFO Database connection established
2025-07-14T03:57:57.271623-0400 INFO Fetched cached data for ABCL from DB
2025-07-14T03:57:57.296775-0400 INFO Database connection established
2025-07-14T03:57:57.298824-0400 INFO Fetched cached data for AMD from DB
2025-07-14T03:57:57.313448-0400 INFO Database connection established
2025-07-14T03:57:57.315403-0400 INFO Fetched cached data for AMPX from DB
2025-07-14T03:57:57.331049-0400 INFO Database connection established
2025-07-14T03:57:57.333536-0400 INFO Fetched cached data for ENPH from DB
2025-07-14T03:57:57.349345-0400 INFO Database connection established
2025-07-14T03:57:57.351351-0400 INFO Fetched cached data for GOOGL from DB
2025-07-14T03:57:57.367313-0400 INFO Database connection established
2025-07-14T03:57:57.369246-0400 INFO Fetched cached data for JNJ from DB
2025-07-14T03:57:57.385812-0400 INFO Database connection established
2025-07-14T03:57:57.389081-0400 INFO Fetched cached data for JPM from DB
2025-07-14T03:57:57.412248-0400 INFO Database connection established
2025-07-14T03:57:57.414196-0400 INFO Fetched cached data for KO from DB
2025-07-14T03:57:57.429938-0400 INFO Database connection established
2025-07-14T03:57:57.431766-0400 INFO Fetched cached data for KULR from DB
2025-07-14T03:57:57.447506-0400 INFO Database connection established
2025-07-14T03:57:57.449403-0400 INFO Fetched cached data for LTBR from DB
2025-07-14T03:57:57.465387-0400 INFO Database connection established
2025-07-14T03:57:57.467626-0400 INFO Fetched cached data for MARA from DB
2025-07-14T03:57:57.483355-0400 INFO Database connection established
2025-07-14T03:57:57.485393-0400 INFO Fetched cached data for MSFT from DB
2025-07-14T03:57:57.501277-0400 INFO Database connection established
2025-07-14T03:57:57.503228-0400 INFO Fetched cached data for NEE from DB
2025-07-14T03:57:57.521572-0400 INFO Database connection established
2025-07-14T03:57:57.523500-0400 INFO Fetched cached data for NVDA from DB
2025-07-14T03:57:57.546929-0400 INFO Database connection established
2025-07-14T03:57:57.549087-0400 INFO Fetched cached data for OKLO from DB
2025-07-14T03:57:57.565269-0400 INFO Database connection established
2025-07-14T03:57:57.567226-0400 INFO Fetched cached data for PFE from DB
2025-07-14T03:57:57.583019-0400 INFO Database connection established
2025-07-14T03:57:57.584961-0400 INFO Fetched cached data for PG from DB
2025-07-14T03:57:57.605767-0400 INFO Database connection established
2025-07-14T03:57:57.608195-0400 INFO Fetched cached data for PM from DB
2025-07-14T03:57:57.626502-0400 INFO Database connection established
2025-07-14T03:57:57.628443-0400 INFO Fetched cached data for RGTI from DB
2025-07-14T03:57:57.651837-0400 INFO Database connection established
2025-07-14T03:57:57.653716-0400 INFO Fetched cached data for RZLV from DB
2025-07-14T03:57:57.677015-0400 INFO Database connection established
2025-07-14T03:57:57.679168-0400 INFO Fetched cached data for SBET from DB
2025-07-14T03:57:57.695064-0400 INFO Database connection established
2025-07-14T03:57:57.697000-0400 INFO Fetched cached data for TSLA from DB
2025-07-14T03:57:57.712937-0400 INFO Database connection established
2025-07-14T03:57:57.714955-0400 INFO Fetched cached data for UEC from DB
2025-07-14T03:57:57.730024-0400 INFO Database connection established
2025-07-14T03:57:57.731867-0400 INFO Fetched cached data for XOM from DB
2025-07-14T03:57:57.867685-0400 INFO Fetched breaking news from NewsAPI
2025-07-14T03:57:58.159429-0400 INFO Client connected
2025-07-14T03:57:58.183826-0400 INFO Database connection established
2025-07-14T03:57:58.205556-0400 INFO Database connection established
2025-07-14T03:57:58.207543-0400 INFO Fetched cached data for AMPX from DB
2025-07-14T03:57:58.207929-0400 INFO DB cache hit for AMPX
2025-07-14T03:57:58.223542-0400 INFO Database connection established
2025-07-14T03:57:58.225527-0400 INFO Fetched cached data for ABCL from DB
2025-07-14T03:57:58.225875-0400 INFO DB cache hit for ABCL
2025-07-14T03:57:58.241753-0400 INFO Database connection established
2025-07-14T03:57:58.243627-0400 INFO Fetched cached data for RZLV from DB
2025-07-14T03:57:58.244020-0400 INFO DB cache hit for RZLV
2025-07-14T03:57:58.259277-0400 INFO Database connection established
2025-07-14T03:57:58.261214-0400 INFO Fetched cached data for SBET from DB
2025-07-14T03:57:58.261593-0400 INFO DB cache hit for SBET
2025-07-14T03:57:58.277194-0400 INFO Database connection established
2025-07-14T03:57:58.279174-0400 INFO Fetched cached data for KULR from DB
2025-07-14T03:57:58.279504-0400 INFO DB cache hit for KULR
2025-07-14T03:57:58.302107-0400 INFO Database connection established
2025-07-14T03:57:58.305379-0400 INFO Fetched cached data for JNJ from DB
2025-07-14T03:57:58.305731-0400 INFO DB cache hit for JNJ
2025-07-14T03:57:58.328069-0400 INFO Database connection established
2025-07-14T03:57:58.329904-0400 INFO Fetched cached data for PG from DB
2025-07-14T03:57:58.330275-0400 INFO DB cache hit for PG
2025-07-14T03:57:58.346248-0400 INFO Database connection established
2025-07-14T03:57:58.348183-0400 INFO Fetched cached data for KO from DB
2025-07-14T03:57:58.348584-0400 INFO DB cache hit for KO
2025-07-14T03:57:58.363771-0400 INFO Database connection established
2025-07-14T03:57:58.365759-0400 INFO Fetched cached data for PFE from DB
2025-07-14T03:57:58.366109-0400 INFO DB cache hit for PFE
2025-07-14T03:57:58.382124-0400 INFO Database connection established
2025-07-14T03:57:58.384101-0400 INFO Fetched cached data for PM from DB
2025-07-14T03:57:58.384467-0400 INFO DB cache hit for PM
2025-07-14T03:57:58.400218-0400 INFO Database connection established
2025-07-14T03:57:58.402183-0400 INFO Fetched cached data for AAPL from DB
2025-07-14T03:57:58.402620-0400 INFO DB cache hit for AAPL
2025-07-14T03:57:58.418394-0400 INFO Database connection established
2025-07-14T03:57:58.420772-0400 INFO Fetched cached data for MSFT from DB
2025-07-14T03:57:58.421123-0400 INFO DB cache hit for MSFT
2025-07-14T03:57:58.438312-0400 INFO Database connection established
2025-07-14T03:57:58.441775-0400 INFO Fetched cached data for GOOGL from DB
2025-07-14T03:57:58.442470-0400 INFO DB cache hit for GOOGL
2025-07-14T03:57:58.463487-0400 INFO Database connection established
2025-07-14T03:57:58.465493-0400 INFO Fetched cached data for JPM from DB
2025-07-14T03:57:58.465886-0400 INFO DB cache hit for JPM
2025-07-14T03:57:58.480837-0400 INFO Database connection established
2025-07-14T03:57:58.482736-0400 INFO Fetched cached data for XOM from DB
2025-07-14T03:57:58.483053-0400 INFO DB cache hit for XOM
2025-07-14T03:57:58.497864-0400 INFO Database connection established
2025-07-14T03:57:58.499791-0400 INFO Fetched cached data for NVDA from DB
2025-07-14T03:57:58.500105-0400 INFO DB cache hit for NVDA
2025-07-14T03:57:58.515264-0400 INFO Database connection established
2025-07-14T03:57:58.517311-0400 INFO Fetched cached data for AMD from DB
2025-07-14T03:57:58.517682-0400 INFO DB cache hit for AMD
2025-07-14T03:57:58.532268-0400 INFO Database connection established
2025-07-14T03:57:58.534175-0400 INFO Fetched cached data for TSLA from DB
2025-07-14T03:57:58.534550-0400 INFO DB cache hit for TSLA
2025-07-14T03:57:58.550269-0400 INFO Database connection established
2025-07-14T03:57:58.552607-0400 INFO Fetched cached data for RGTI from DB
2025-07-14T03:57:58.552936-0400 INFO DB cache hit for RGTI
2025-07-14T03:57:58.569805-0400 INFO Database connection established
2025-07-14T03:57:58.572630-0400 INFO Fetched cached data for MARA from DB
2025-07-14T03:57:58.573079-0400 INFO DB cache hit for MARA
2025-07-14T03:57:58.594440-0400 INFO Database connection established
2025-07-14T03:57:58.596352-0400 INFO Fetched cached data for OKLO from DB
2025-07-14T03:57:58.596707-0400 INFO DB cache hit for OKLO
2025-07-14T03:57:58.612254-0400 INFO Database connection established
2025-07-14T03:57:58.614322-0400 INFO Fetched cached data for UEC from DB
2025-07-14T03:57:58.614723-0400 INFO DB cache hit for UEC
2025-07-14T03:57:58.629791-0400 INFO Database connection established
2025-07-14T03:57:58.631718-0400 INFO Fetched cached data for LTBR from DB
2025-07-14T03:57:58.632141-0400 INFO DB cache hit for LTBR
2025-07-14T03:57:58.647887-0400 INFO Database connection established
2025-07-14T03:57:58.649894-0400 INFO Fetched cached data for NEE from DB
2025-07-14T03:57:58.650289-0400 INFO DB cache hit for NEE
2025-07-14T03:57:58.665794-0400 INFO Database connection established
2025-07-14T03:57:58.667862-0400 INFO Fetched cached data for ENPH from DB
2025-07-14T03:57:58.668230-0400 INFO DB cache hit for ENPH
2025-07-14T03:57:58.670161-0400 INFO Emitted batch update for 25 stocks
2025-07-14T03:58:00.683817-0400 INFO Database connection established
2025-07-14T03:58:00.701218-0400 INFO Database connection established
2025-07-14T03:58:00.703664-0400 INFO Fetched cached data for ABCL from DB
2025-07-14T03:58:00.720388-0400 INFO Database connection established
2025-07-14T03:58:00.722397-0400 INFO Fetched cached data for AMPX from DB
2025-07-14T03:58:00.738138-0400 INFO Database connection established
2025-07-14T03:58:00.740222-0400 INFO Fetched cached data for KULR from DB
2025-07-14T03:58:00.756147-0400 INFO Database connection established
2025-07-14T03:58:00.758262-0400 INFO Fetched cached data for RZLV from DB
2025-07-14T03:58:00.777217-0400 INFO Database connection established
2025-07-14T03:58:00.779608-0400 INFO Fetched cached data for SBET from DB
2025-07-14T03:58:00.934556-0400 INFO Fetched breaking news from NewsAPI
2025-07-14T03:58:01.288604-0400 INFO Client connected
