2025-07-14T04:06:43.173829-0400 INFO Client connected
2025-07-14T04:06:43.197383-0400 INFO Database connection established
2025-07-14T04:06:43.221502-0400 INFO Database connection established
2025-07-14T04:06:43.223398-0400 INFO Fetched cached data for AMPX from DB
2025-07-14T04:06:43.223786-0400 INFO DB cache hit for AMPX
2025-07-14T04:06:43.239501-0400 INFO Database connection established
2025-07-14T04:06:43.241452-0400 INFO Fetched cached data for ABCL from DB
2025-07-14T04:06:43.241878-0400 INFO DB cache hit for ABCL
2025-07-14T04:06:43.257382-0400 INFO Database connection established
2025-07-14T04:06:43.259252-0400 INFO Fetched cached data for RZLV from DB
2025-07-14T04:06:43.259608-0400 INFO DB cache hit for RZLV
2025-07-14T04:06:43.275495-0400 INFO Database connection established
2025-07-14T04:06:43.277499-0400 INFO Fetched cached data for SBET from DB
2025-07-14T04:06:43.277928-0400 INFO DB cache hit for SBET
2025-07-14T04:06:43.293753-0400 INFO Database connection established
2025-07-14T04:06:43.295716-0400 INFO Fetched cached data for KULR from DB
2025-07-14T04:06:43.296147-0400 INFO DB cache hit for KULR
2025-07-14T04:06:43.312321-0400 INFO Database connection established
2025-07-14T04:06:43.314130-0400 INFO Fetched cached data for JNJ from DB
2025-07-14T04:06:43.314513-0400 INFO DB cache hit for JNJ
2025-07-14T04:06:43.336593-0400 INFO Database connection established
2025-07-14T04:06:43.338367-0400 INFO Fetched cached data for PG from DB
2025-07-14T04:06:43.338772-0400 INFO DB cache hit for PG
2025-07-14T04:06:43.354804-0400 INFO Database connection established
2025-07-14T04:06:43.356902-0400 INFO Fetched cached data for KO from DB
2025-07-14T04:06:43.357291-0400 INFO DB cache hit for KO
2025-07-14T04:06:43.373159-0400 INFO Database connection established
2025-07-14T04:06:43.375222-0400 INFO Fetched cached data for PFE from DB
2025-07-14T04:06:43.375647-0400 INFO DB cache hit for PFE
2025-07-14T04:06:43.393052-0400 INFO Database connection established
2025-07-14T04:06:43.395041-0400 INFO Fetched cached data for PM from DB
2025-07-14T04:06:43.395398-0400 INFO DB cache hit for PM
2025-07-14T04:06:43.411028-0400 INFO Database connection established
2025-07-14T04:06:43.412919-0400 INFO Fetched cached data for AAPL from DB
2025-07-14T04:06:43.413293-0400 INFO DB cache hit for AAPL
2025-07-14T04:06:43.428887-0400 INFO Database connection established
2025-07-14T04:06:43.430932-0400 INFO Fetched cached data for MSFT from DB
2025-07-14T04:06:43.431306-0400 INFO DB cache hit for MSFT
2025-07-14T04:06:43.451011-0400 INFO Database connection established
2025-07-14T04:06:43.452768-0400 INFO Fetched cached data for GOOGL from DB
2025-07-14T04:06:43.453217-0400 INFO DB cache hit for GOOGL
2025-07-14T04:06:43.476391-0400 INFO Database connection established
2025-07-14T04:06:43.478264-0400 INFO Fetched cached data for JPM from DB
2025-07-14T04:06:43.478707-0400 INFO DB cache hit for JPM
2025-07-14T04:06:43.494209-0400 INFO Database connection established
2025-07-14T04:06:43.496131-0400 INFO Fetched cached data for XOM from DB
2025-07-14T04:06:43.496623-0400 INFO DB cache hit for XOM
2025-07-14T04:06:43.512748-0400 INFO Database connection established
2025-07-14T04:06:43.514691-0400 INFO Fetched cached data for NVDA from DB
2025-07-14T04:06:43.515068-0400 INFO DB cache hit for NVDA
2025-07-14T04:06:43.530445-0400 INFO Database connection established
2025-07-14T04:06:43.532235-0400 INFO Fetched cached data for AMD from DB
2025-07-14T04:06:43.532615-0400 INFO DB cache hit for AMD
2025-07-14T04:06:43.548128-0400 INFO Database connection established
2025-07-14T04:06:43.550058-0400 INFO Fetched cached data for TSLA from DB
2025-07-14T04:06:43.550400-0400 INFO DB cache hit for TSLA
2025-07-14T04:06:43.571429-0400 INFO Database connection established
2025-07-14T04:06:43.575326-0400 INFO Fetched cached data for RGTI from DB
2025-07-14T04:06:43.575667-0400 INFO DB cache hit for RGTI
2025-07-14T04:06:43.596485-0400 INFO Database connection established
2025-07-14T04:06:43.599844-0400 INFO Fetched cached data for MARA from DB
2025-07-14T04:06:43.600331-0400 INFO DB cache hit for MARA
2025-07-14T04:06:43.616245-0400 INFO Database connection established
2025-07-14T04:06:43.618516-0400 INFO Fetched cached data for OKLO from DB
2025-07-14T04:06:43.618910-0400 INFO DB cache hit for OKLO
2025-07-14T04:06:43.634661-0400 INFO Database connection established
2025-07-14T04:06:43.636667-0400 INFO Fetched cached data for UEC from DB
2025-07-14T04:06:43.637067-0400 INFO DB cache hit for UEC
2025-07-14T04:06:43.652839-0400 INFO Database connection established
2025-07-14T04:06:43.654935-0400 INFO Fetched cached data for LTBR from DB
2025-07-14T04:06:43.655367-0400 INFO DB cache hit for LTBR
2025-07-14T04:06:43.671276-0400 INFO Database connection established
2025-07-14T04:06:43.673090-0400 INFO Fetched cached data for NEE from DB
2025-07-14T04:06:43.673408-0400 INFO DB cache hit for NEE
2025-07-14T04:06:43.688296-0400 INFO Database connection established
2025-07-14T04:06:43.690385-0400 INFO Fetched cached data for ENPH from DB
2025-07-14T04:06:43.690761-0400 INFO DB cache hit for ENPH
2025-07-14T04:06:43.690944-0400 INFO Cache hit for AAPL
2025-07-14T04:06:43.691076-0400 INFO Cache hit for NVDA
2025-07-14T04:06:43.692797-0400 INFO Emitted batch update for 27 stocks
2025-07-14T04:06:45.208798-0400 INFO Database connection established
2025-07-14T04:06:45.226317-0400 INFO Database connection established
2025-07-14T04:06:45.228142-0400 INFO Fetched cached data for ABCL from DB
2025-07-14T04:06:45.245391-0400 INFO Database connection established
2025-07-14T04:06:45.247338-0400 INFO Fetched cached data for AMPX from DB
2025-07-14T04:06:45.265020-0400 INFO Database connection established
2025-07-14T04:06:45.266859-0400 INFO Fetched cached data for KULR from DB
2025-07-14T04:06:45.290058-0400 INFO Database connection established
2025-07-14T04:06:45.291984-0400 INFO Fetched cached data for RZLV from DB
2025-07-14T04:06:45.306736-0400 INFO Database connection established
2025-07-14T04:06:45.308614-0400 INFO Fetched cached data for SBET from DB
2025-07-14T04:06:45.452049-0400 INFO Fetched breaking news from NewsAPI
2025-07-14T04:06:45.755552-0400 INFO Client connected
2025-07-14T04:06:52.631128-0400 INFO Database connection established
2025-07-14T04:06:52.649402-0400 INFO Database connection established
2025-07-14T04:06:52.651348-0400 INFO Fetched cached data for AAPL from DB
2025-07-14T04:06:52.667534-0400 INFO Database connection established
2025-07-14T04:06:52.669421-0400 INFO Fetched cached data for ABCL from DB
2025-07-14T04:06:52.686370-0400 INFO Database connection established
2025-07-14T04:06:52.688199-0400 INFO Fetched cached data for AMD from DB
2025-07-14T04:06:52.712355-0400 INFO Database connection established
2025-07-14T04:06:52.714216-0400 INFO Fetched cached data for AMPX from DB
2025-07-14T04:06:52.729261-0400 INFO Database connection established
2025-07-14T04:06:52.731135-0400 INFO Fetched cached data for ENPH from DB
2025-07-14T04:06:52.747032-0400 INFO Database connection established
2025-07-14T04:06:52.749064-0400 INFO Fetched cached data for GOOGL from DB
2025-07-14T04:06:52.765807-0400 INFO Database connection established
2025-07-14T04:06:52.767886-0400 INFO Fetched cached data for JNJ from DB
2025-07-14T04:06:52.782944-0400 INFO Database connection established
2025-07-14T04:06:52.785095-0400 INFO Fetched cached data for JPM from DB
2025-07-14T04:06:52.800774-0400 INFO Database connection established
2025-07-14T04:06:52.803080-0400 INFO Fetched cached data for KO from DB
2025-07-14T04:06:52.821388-0400 INFO Database connection established
2025-07-14T04:06:52.828628-0400 INFO Fetched cached data for KULR from DB
2025-07-14T04:06:52.845890-0400 INFO Database connection established
2025-07-14T04:06:52.847752-0400 INFO Fetched cached data for LTBR from DB
2025-07-14T04:06:52.863713-0400 INFO Database connection established
2025-07-14T04:06:52.865763-0400 INFO Fetched cached data for MARA from DB
2025-07-14T04:06:52.881784-0400 INFO Database connection established
2025-07-14T04:06:52.883652-0400 INFO Fetched cached data for MSFT from DB
2025-07-14T04:06:52.899621-0400 INFO Database connection established
2025-07-14T04:06:52.901555-0400 INFO Fetched cached data for NEE from DB
2025-07-14T04:06:52.916684-0400 INFO Database connection established
2025-07-14T04:06:52.918702-0400 INFO Fetched cached data for NVDA from DB
2025-07-14T04:06:52.934548-0400 INFO Database connection established
2025-07-14T04:06:52.936772-0400 INFO Fetched cached data for OKLO from DB
2025-07-14T04:06:52.961587-0400 INFO Database connection established
2025-07-14T04:06:52.964906-0400 INFO Fetched cached data for PFE from DB
2025-07-14T04:06:52.981221-0400 INFO Database connection established
2025-07-14T04:06:52.983207-0400 INFO Fetched cached data for PG from DB
2025-07-14T04:06:52.999571-0400 INFO Database connection established
2025-07-14T04:06:53.001897-0400 INFO Fetched cached data for PM from DB
2025-07-14T04:06:53.018902-0400 INFO Database connection established
2025-07-14T04:06:53.020920-0400 INFO Fetched cached data for RGTI from DB
2025-07-14T04:06:53.035973-0400 INFO Database connection established
2025-07-14T04:06:53.038049-0400 INFO Fetched cached data for RZLV from DB
2025-07-14T04:06:53.054124-0400 INFO Database connection established
2025-07-14T04:06:53.055953-0400 INFO Fetched cached data for SBET from DB
2025-07-14T04:06:53.078311-0400 INFO Database connection established
2025-07-14T04:06:53.080219-0400 INFO Fetched cached data for TSLA from DB
2025-07-14T04:06:53.103129-0400 INFO Database connection established
2025-07-14T04:06:53.105038-0400 INFO Fetched cached data for UEC from DB
2025-07-14T04:06:53.120262-0400 INFO Database connection established
2025-07-14T04:06:53.122362-0400 INFO Fetched cached data for XOM from DB
2025-07-14T04:06:53.259537-0400 INFO Fetched breaking news from NewsAPI
2025-07-14T04:06:53.579699-0400 INFO Client connected
