2025-07-14T03:44:54.727072-0400 INFO Client connected
2025-07-14T03:44:54.742944-0400 INFO Database connection established
2025-07-14T03:44:54.759163-0400 INFO Database connection established
2025-07-14T03:44:54.761268-0400 INFO Fetched cached data for AMPX from DB
2025-07-14T03:44:54.761645-0400 INFO DB cache hit for AMPX
2025-07-14T03:44:54.778644-0400 INFO Database connection established
2025-07-14T03:44:54.780648-0400 INFO Fetched cached data for ABCL from DB
2025-07-14T03:44:54.781025-0400 INFO DB cache hit for ABCL
2025-07-14T03:44:54.795643-0400 INFO Database connection established
2025-07-14T03:44:54.797683-0400 INFO Fetched cached data for RZLV from DB
2025-07-14T03:44:54.798086-0400 INFO DB cache hit for RZLV
2025-07-14T03:44:54.817219-0400 INFO Database connection established
2025-07-14T03:44:54.819572-0400 INFO Fetched cached data for SBET from DB
2025-07-14T03:44:54.819915-0400 INFO DB cache hit for SBET
2025-07-14T03:44:54.836641-0400 INFO Database connection established
2025-07-14T03:44:54.838508-0400 INFO Fetched cached data for KULR from DB
2025-07-14T03:44:54.838860-0400 INFO DB cache hit for KULR
2025-07-14T03:44:54.854177-0400 INFO Database connection established
2025-07-14T03:44:54.856253-0400 INFO Fetched cached data for JNJ from DB
2025-07-14T03:44:54.856693-0400 INFO DB cache hit for JNJ
2025-07-14T03:44:54.872385-0400 INFO Database connection established
2025-07-14T03:44:54.874259-0400 INFO Fetched cached data for PG from DB
2025-07-14T03:44:54.874687-0400 INFO DB cache hit for PG
2025-07-14T03:44:54.890774-0400 INFO Database connection established
2025-07-14T03:44:54.892618-0400 INFO Fetched cached data for KO from DB
2025-07-14T03:44:54.892977-0400 INFO DB cache hit for KO
2025-07-14T03:44:54.909156-0400 INFO Database connection established
2025-07-14T03:44:54.911170-0400 INFO Fetched cached data for PFE from DB
2025-07-14T03:44:54.911520-0400 INFO DB cache hit for PFE
2025-07-14T03:44:54.926638-0400 INFO Database connection established
2025-07-14T03:44:54.928586-0400 INFO Fetched cached data for PM from DB
2025-07-14T03:44:54.928936-0400 INFO DB cache hit for PM
2025-07-14T03:44:54.948270-0400 INFO Database connection established
2025-07-14T03:44:54.950614-0400 INFO Fetched cached data for AAPL from DB
2025-07-14T03:44:54.950986-0400 INFO DB cache hit for AAPL
2025-07-14T03:44:54.969550-0400 INFO Database connection established
2025-07-14T03:44:54.971461-0400 INFO Fetched cached data for MSFT from DB
2025-07-14T03:44:54.971841-0400 INFO DB cache hit for MSFT
2025-07-14T03:44:54.987573-0400 INFO Database connection established
2025-07-14T03:44:54.989485-0400 INFO Fetched cached data for GOOGL from DB
2025-07-14T03:44:54.989854-0400 INFO DB cache hit for GOOGL
2025-07-14T03:44:55.005046-0400 INFO Database connection established
2025-07-14T03:44:55.006977-0400 INFO Fetched cached data for JPM from DB
2025-07-14T03:44:55.007443-0400 INFO DB cache hit for JPM
2025-07-14T03:44:55.022958-0400 INFO Database connection established
2025-07-14T03:44:55.025201-0400 INFO Fetched cached data for XOM from DB
2025-07-14T03:44:55.025615-0400 INFO DB cache hit for XOM
2025-07-14T03:44:55.041851-0400 INFO Database connection established
2025-07-14T03:44:55.043916-0400 INFO Fetched cached data for NVDA from DB
2025-07-14T03:44:55.044309-0400 INFO DB cache hit for NVDA
2025-07-14T03:44:55.060105-0400 INFO Database connection established
2025-07-14T03:44:55.062537-0400 INFO Fetched cached data for AMD from DB
2025-07-14T03:44:55.062851-0400 INFO DB cache hit for AMD
2025-07-14T03:44:55.080826-0400 INFO Database connection established
2025-07-14T03:44:55.083171-0400 INFO Fetched cached data for TSLA from DB
2025-07-14T03:44:55.083630-0400 INFO DB cache hit for TSLA
2025-07-14T03:44:55.101115-0400 INFO Database connection established
2025-07-14T03:44:55.103117-0400 INFO Fetched cached data for RGTI from DB
2025-07-14T03:44:55.103517-0400 INFO DB cache hit for RGTI
2025-07-14T03:44:55.119223-0400 INFO Database connection established
2025-07-14T03:44:55.121270-0400 INFO Fetched cached data for MARA from DB
2025-07-14T03:44:55.121686-0400 INFO DB cache hit for MARA
2025-07-14T03:44:55.136839-0400 INFO Database connection established
2025-07-14T03:44:55.139020-0400 INFO Fetched cached data for OKLO from DB
2025-07-14T03:44:55.139381-0400 INFO DB cache hit for OKLO
2025-07-14T03:44:55.155255-0400 INFO Database connection established
2025-07-14T03:44:55.157348-0400 INFO Fetched cached data for UEC from DB
2025-07-14T03:44:55.157718-0400 INFO DB cache hit for UEC
2025-07-14T03:44:55.172463-0400 INFO Database connection established
2025-07-14T03:44:55.174472-0400 INFO Fetched cached data for LTBR from DB
2025-07-14T03:44:55.174874-0400 INFO DB cache hit for LTBR
2025-07-14T03:44:55.191267-0400 INFO Database connection established
2025-07-14T03:44:55.193696-0400 INFO Fetched cached data for NEE from DB
2025-07-14T03:44:55.194036-0400 INFO DB cache hit for NEE
2025-07-14T03:44:55.211036-0400 INFO Database connection established
2025-07-14T03:44:55.212794-0400 INFO Fetched cached data for ENPH from DB
2025-07-14T03:44:55.213133-0400 INFO DB cache hit for ENPH
2025-07-14T03:44:55.215128-0400 INFO Emitted batch update for 25 stocks
2025-07-14T03:44:55.237000-0400 INFO Database connection established
2025-07-14T03:44:55.254492-0400 INFO Database connection established
2025-07-14T03:44:55.256498-0400 INFO Fetched cached data for AMD from DB
2025-07-14T03:44:55.271501-0400 INFO Database connection established
2025-07-14T03:44:55.273733-0400 INFO Fetched cached data for MARA from DB
2025-07-14T03:44:55.290001-0400 INFO Database connection established
2025-07-14T03:44:55.291873-0400 INFO Fetched cached data for NVDA from DB
2025-07-14T03:44:55.308628-0400 INFO Database connection established
2025-07-14T03:44:55.310844-0400 INFO Fetched cached data for RGTI from DB
2025-07-14T03:44:55.326320-0400 INFO Database connection established
2025-07-14T03:44:55.330081-0400 INFO Fetched cached data for TSLA from DB
2025-07-14T03:44:55.669362-0400 INFO Fetched breaking news from NewsAPI
2025-07-14T03:44:55.938052-0400 INFO Client connected
2025-07-14T03:45:01.226685-0400 INFO Database connection established
2025-07-14T03:45:01.244043-0400 INFO Database connection established
2025-07-14T03:45:01.246454-0400 INFO Fetched cached data for AMD from DB
2025-07-14T03:45:01.263224-0400 INFO Database connection established
2025-07-14T03:45:01.265096-0400 INFO Fetched cached data for MARA from DB
2025-07-14T03:45:01.281174-0400 INFO Database connection established
2025-07-14T03:45:01.283199-0400 INFO Fetched cached data for NVDA from DB
2025-07-14T03:45:01.298331-0400 INFO Database connection established
2025-07-14T03:45:01.300191-0400 INFO Fetched cached data for RGTI from DB
2025-07-14T03:45:01.317090-0400 INFO Database connection established
2025-07-14T03:45:01.319367-0400 INFO Fetched cached data for TSLA from DB
2025-07-14T03:45:01.458630-0400 INFO Fetched breaking news from NewsAPI
2025-07-14T03:45:01.791854-0400 INFO Client connected
