2025-07-14T04:18:14.620825-0400 INFO Client connected
2025-07-14T04:18:14.636768-0400 INFO Database connection established
2025-07-14T04:18:14.652855-0400 INFO Database connection established
2025-07-14T04:18:14.655209-0400 INFO Fetched cached data for AMPX from DB
2025-07-14T04:18:14.655561-0400 INFO DB cache hit for AMPX
2025-07-14T04:18:14.671018-0400 INFO Database connection established
2025-07-14T04:18:14.673006-0400 INFO Fetched cached data for ABCL from DB
2025-07-14T04:18:14.673372-0400 INFO DB cache hit for ABCL
2025-07-14T04:18:14.688745-0400 INFO Database connection established
2025-07-14T04:18:14.691105-0400 INFO Fetched cached data for RZLV from DB
2025-07-14T04:18:14.691447-0400 INFO DB cache hit for RZLV
2025-07-14T04:18:14.710744-0400 INFO Database connection established
2025-07-14T04:18:14.712570-0400 INFO Fetched cached data for SBET from DB
2025-07-14T04:18:14.713002-0400 INFO DB cache hit for SBET
2025-07-14T04:18:14.737507-0400 INFO Database connection established
2025-07-14T04:18:14.739397-0400 INFO Fetched cached data for KULR from DB
2025-07-14T04:18:14.739734-0400 INFO DB cache hit for KULR
2025-07-14T04:18:14.755201-0400 INFO Database connection established
2025-07-14T04:18:14.757297-0400 INFO Fetched cached data for JNJ from DB
2025-07-14T04:18:14.757678-0400 INFO DB cache hit for JNJ
2025-07-14T04:18:14.772719-0400 INFO Database connection established
2025-07-14T04:18:14.774640-0400 INFO Fetched cached data for PG from DB
2025-07-14T04:18:14.775084-0400 INFO DB cache hit for PG
2025-07-14T04:18:14.790671-0400 INFO Database connection established
2025-07-14T04:18:14.792629-0400 INFO Fetched cached data for KO from DB
2025-07-14T04:18:14.793006-0400 INFO DB cache hit for KO
2025-07-14T04:18:14.808604-0400 INFO Database connection established
2025-07-14T04:18:14.810626-0400 INFO Fetched cached data for PFE from DB
2025-07-14T04:18:14.811021-0400 INFO DB cache hit for PFE
2025-07-14T04:18:14.832800-0400 INFO Database connection established
2025-07-14T04:18:14.836377-0400 INFO Fetched cached data for PM from DB
2025-07-14T04:18:14.836754-0400 INFO DB cache hit for PM
2025-07-14T04:18:14.861160-0400 INFO Database connection established
2025-07-14T04:18:14.863612-0400 INFO Fetched cached data for AAPL from DB
2025-07-14T04:18:14.864055-0400 INFO DB cache hit for AAPL
2025-07-14T04:18:14.878957-0400 INFO Database connection established
2025-07-14T04:18:14.881033-0400 INFO Fetched cached data for MSFT from DB
2025-07-14T04:18:14.881394-0400 INFO DB cache hit for MSFT
2025-07-14T04:18:14.896828-0400 INFO Database connection established
2025-07-14T04:18:14.898874-0400 INFO Fetched cached data for GOOGL from DB
2025-07-14T04:18:14.899322-0400 INFO DB cache hit for GOOGL
2025-07-14T04:18:14.914193-0400 INFO Database connection established
2025-07-14T04:18:14.916243-0400 INFO Fetched cached data for JPM from DB
2025-07-14T04:18:14.916646-0400 INFO DB cache hit for JPM
2025-07-14T04:18:14.931700-0400 INFO Database connection established
2025-07-14T04:18:14.933522-0400 INFO Fetched cached data for XOM from DB
2025-07-14T04:18:14.933857-0400 INFO DB cache hit for XOM
2025-07-14T04:18:14.949603-0400 INFO Database connection established
2025-07-14T04:18:14.951919-0400 INFO Fetched cached data for NVDA from DB
2025-07-14T04:18:14.952289-0400 INFO DB cache hit for NVDA
2025-07-14T04:18:14.968766-0400 INFO Database connection established
2025-07-14T04:18:14.970507-0400 INFO Fetched cached data for AMD from DB
2025-07-14T04:18:14.970857-0400 INFO DB cache hit for AMD
2025-07-14T04:18:14.993138-0400 INFO Database connection established
2025-07-14T04:18:14.994881-0400 INFO Fetched cached data for TSLA from DB
2025-07-14T04:18:14.995200-0400 INFO DB cache hit for TSLA
2025-07-14T04:18:15.010894-0400 INFO Database connection established
2025-07-14T04:18:15.013151-0400 INFO Fetched cached data for RGTI from DB
2025-07-14T04:18:15.013493-0400 INFO DB cache hit for RGTI
2025-07-14T04:18:15.028958-0400 INFO Database connection established
2025-07-14T04:18:15.030838-0400 INFO Fetched cached data for MARA from DB
2025-07-14T04:18:15.031170-0400 INFO DB cache hit for MARA
2025-07-14T04:18:15.046792-0400 INFO Database connection established
2025-07-14T04:18:15.048671-0400 INFO Fetched cached data for OKLO from DB
2025-07-14T04:18:15.049011-0400 INFO DB cache hit for OKLO
2025-07-14T04:18:15.064425-0400 INFO Database connection established
2025-07-14T04:18:15.066408-0400 INFO Fetched cached data for UEC from DB
2025-07-14T04:18:15.066774-0400 INFO DB cache hit for UEC
2025-07-14T04:18:15.084783-0400 INFO Database connection established
2025-07-14T04:18:15.086797-0400 INFO Fetched cached data for LTBR from DB
2025-07-14T04:18:15.087175-0400 INFO DB cache hit for LTBR
2025-07-14T04:18:15.110582-0400 INFO Database connection established
2025-07-14T04:18:15.113787-0400 INFO Fetched cached data for NEE from DB
2025-07-14T04:18:15.114389-0400 INFO DB cache hit for NEE
2025-07-14T04:18:15.135339-0400 INFO Database connection established
2025-07-14T04:18:15.137335-0400 INFO Fetched cached data for ENPH from DB
2025-07-14T04:18:15.137716-0400 INFO DB cache hit for ENPH
2025-07-14T04:18:15.137932-0400 INFO Cache hit for AAPL
2025-07-14T04:18:15.138149-0400 INFO Cache hit for NVDA
2025-07-14T04:18:15.140224-0400 INFO Emitted batch update for 27 stocks
2025-07-14T04:18:16.905751-0400 INFO Database connection established
2025-07-14T04:18:16.926901-0400 INFO Database connection established
2025-07-14T04:18:16.930006-0400 INFO Fetched cached data for AAPL from DB
2025-07-14T04:18:16.949008-0400 INFO Database connection established
2025-07-14T04:18:16.951004-0400 INFO Fetched cached data for ABCL from DB
2025-07-14T04:18:16.966026-0400 INFO Database connection established
2025-07-14T04:18:16.967933-0400 INFO Fetched cached data for AMD from DB
2025-07-14T04:18:16.982396-0400 INFO Database connection established
2025-07-14T04:18:16.984433-0400 INFO Fetched cached data for AMPX from DB
2025-07-14T04:18:17.000302-0400 INFO Database connection established
2025-07-14T04:18:17.002303-0400 INFO Fetched cached data for ENPH from DB
2025-07-14T04:18:17.018034-0400 INFO Database connection established
2025-07-14T04:18:17.020220-0400 INFO Fetched cached data for GOOGL from DB
2025-07-14T04:18:17.036089-0400 INFO Database connection established
2025-07-14T04:18:17.039701-0400 INFO Fetched cached data for JNJ from DB
2025-07-14T04:18:17.062258-0400 INFO Database connection established
2025-07-14T04:18:17.064685-0400 INFO Fetched cached data for JPM from DB
2025-07-14T04:18:17.080215-0400 INFO Database connection established
2025-07-14T04:18:17.082254-0400 INFO Fetched cached data for KO from DB
2025-07-14T04:18:17.097978-0400 INFO Database connection established
2025-07-14T04:18:17.100056-0400 INFO Fetched cached data for KULR from DB
2025-07-14T04:18:17.115995-0400 INFO Database connection established
2025-07-14T04:18:17.117869-0400 INFO Fetched cached data for LTBR from DB
2025-07-14T04:18:17.132892-0400 INFO Database connection established
2025-07-14T04:18:17.135109-0400 INFO Fetched cached data for MARA from DB
2025-07-14T04:18:17.150326-0400 INFO Database connection established
2025-07-14T04:18:17.152389-0400 INFO Fetched cached data for MSFT from DB
2025-07-14T04:18:17.169458-0400 INFO Database connection established
2025-07-14T04:18:17.172771-0400 INFO Fetched cached data for NEE from DB
2025-07-14T04:18:17.195943-0400 INFO Database connection established
2025-07-14T04:18:17.198143-0400 INFO Fetched cached data for NVDA from DB
2025-07-14T04:18:17.214257-0400 INFO Database connection established
2025-07-14T04:18:17.216179-0400 INFO Fetched cached data for OKLO from DB
2025-07-14T04:18:17.231648-0400 INFO Database connection established
2025-07-14T04:18:17.233592-0400 INFO Fetched cached data for PFE from DB
2025-07-14T04:18:17.250741-0400 INFO Database connection established
2025-07-14T04:18:17.252697-0400 INFO Fetched cached data for PG from DB
2025-07-14T04:18:17.268395-0400 INFO Database connection established
2025-07-14T04:18:17.270333-0400 INFO Fetched cached data for PM from DB
2025-07-14T04:18:17.286147-0400 INFO Database connection established
2025-07-14T04:18:17.288527-0400 INFO Fetched cached data for RGTI from DB
2025-07-14T04:18:17.305468-0400 INFO Database connection established
2025-07-14T04:18:17.307309-0400 INFO Fetched cached data for RZLV from DB
2025-07-14T04:18:17.330935-0400 INFO Database connection established
2025-07-14T04:18:17.332843-0400 INFO Fetched cached data for SBET from DB
2025-07-14T04:18:17.356486-0400 INFO Database connection established
2025-07-14T04:18:17.359486-0400 INFO Fetched cached data for TSLA from DB
2025-07-14T04:18:17.379123-0400 INFO Database connection established
2025-07-14T04:18:17.381228-0400 INFO Fetched cached data for UEC from DB
2025-07-14T04:18:17.396445-0400 INFO Database connection established
2025-07-14T04:18:17.398378-0400 INFO Fetched cached data for XOM from DB
2025-07-14T04:18:17.539208-0400 INFO Fetched breaking news from NewsAPI
2025-07-14T04:18:17.940713-0400 INFO Client connected
2025-07-14T04:18:20.069997-0400 INFO Database connection established
2025-07-14T04:18:20.087402-0400 INFO Database connection established
2025-07-14T04:18:20.089419-0400 INFO Cache hit for AAPL
2025-07-14T04:18:20.105273-0400 INFO Database connection established
2025-07-14T04:18:20.107412-0400 INFO Cache hit for NVDA
2025-07-14T04:18:20.123360-0400 INFO Database connection established
2025-07-14T04:18:20.139534-0400 INFO Database connection established
2025-07-14T04:18:20.141681-0400 INFO Cache hit for AAPL
2025-07-14T04:18:20.161032-0400 INFO Database connection established
2025-07-14T04:18:20.163541-0400 INFO Cache hit for NVDA
2025-07-14T04:18:20.315871-0400 INFO Fetched breaking news from NewsAPI
2025-07-14T04:18:20.598796-0400 INFO Client connected
2025-07-14T04:23:15.156161-0400 INFO Database connection established
2025-07-14T04:23:15.157447-0400 INFO Cache hit for AMPX
2025-07-14T04:23:15.157648-0400 INFO Cache hit for ABCL
2025-07-14T04:23:15.157883-0400 INFO Cache hit for RZLV
2025-07-14T04:23:15.158109-0400 INFO Cache hit for SBET
2025-07-14T04:23:15.158296-0400 INFO Cache hit for KULR
2025-07-14T04:23:15.158491-0400 INFO Cache hit for JNJ
2025-07-14T04:23:15.158664-0400 INFO Cache hit for PG
2025-07-14T04:23:15.158872-0400 INFO Cache hit for KO
2025-07-14T04:23:15.159057-0400 INFO Cache hit for PFE
2025-07-14T04:23:15.159234-0400 INFO Cache hit for PM
2025-07-14T04:23:15.159401-0400 INFO Cache hit for AAPL
2025-07-14T04:23:15.159524-0400 INFO Cache hit for MSFT
2025-07-14T04:23:15.159656-0400 INFO Cache hit for GOOGL
2025-07-14T04:23:15.159794-0400 INFO Cache hit for JPM
2025-07-14T04:23:15.159942-0400 INFO Cache hit for XOM
2025-07-14T04:23:15.160092-0400 INFO Cache hit for NVDA
2025-07-14T04:23:15.160250-0400 INFO Cache hit for AMD
2025-07-14T04:23:15.160383-0400 INFO Cache hit for TSLA
2025-07-14T04:23:15.160520-0400 INFO Cache hit for RGTI
2025-07-14T04:23:15.160659-0400 INFO Cache hit for MARA
2025-07-14T04:23:15.160785-0400 INFO Cache hit for OKLO
2025-07-14T04:23:15.160910-0400 INFO Cache hit for UEC
2025-07-14T04:23:15.161036-0400 INFO Cache hit for LTBR
2025-07-14T04:23:15.161161-0400 INFO Cache hit for NEE
2025-07-14T04:23:15.161321-0400 INFO Cache hit for ENPH
2025-07-14T04:23:15.161445-0400 INFO Cache hit for AAPL
2025-07-14T04:23:15.161567-0400 INFO Cache hit for NVDA
2025-07-14T04:23:15.162634-0400 INFO Emitted batch update for 27 stocks
2025-07-14T04:28:15.187850-0400 INFO Database connection established
2025-07-14T04:28:15.189160-0400 INFO Cache hit for AMPX
2025-07-14T04:28:15.189388-0400 INFO Cache hit for ABCL
2025-07-14T04:28:15.189568-0400 INFO Cache hit for RZLV
2025-07-14T04:28:15.189778-0400 INFO Cache hit for SBET
2025-07-14T04:28:15.189954-0400 INFO Cache hit for KULR
2025-07-14T04:28:15.190143-0400 INFO Cache hit for JNJ
2025-07-14T04:28:15.190349-0400 INFO Cache hit for PG
2025-07-14T04:28:15.190495-0400 INFO Cache hit for KO
2025-07-14T04:28:15.190659-0400 INFO Cache hit for PFE
2025-07-14T04:28:15.190815-0400 INFO Cache hit for PM
2025-07-14T04:28:15.190997-0400 INFO Cache hit for AAPL
2025-07-14T04:28:15.191153-0400 INFO Cache hit for MSFT
2025-07-14T04:28:15.191296-0400 INFO Cache hit for GOOGL
2025-07-14T04:28:15.191434-0400 INFO Cache hit for JPM
2025-07-14T04:28:15.191577-0400 INFO Cache hit for XOM
2025-07-14T04:28:15.191688-0400 INFO Cache hit for NVDA
2025-07-14T04:28:15.191836-0400 INFO Cache hit for AMD
2025-07-14T04:28:15.191976-0400 INFO Cache hit for TSLA
2025-07-14T04:28:15.192125-0400 INFO Cache hit for RGTI
2025-07-14T04:28:15.192277-0400 INFO Cache hit for MARA
2025-07-14T04:28:15.192418-0400 INFO Cache hit for OKLO
2025-07-14T04:28:15.192511-0400 INFO Cache hit for UEC
2025-07-14T04:28:15.192652-0400 INFO Cache hit for LTBR
2025-07-14T04:28:15.192793-0400 INFO Cache hit for NEE
2025-07-14T04:28:15.192926-0400 INFO Cache hit for ENPH
2025-07-14T04:28:15.193048-0400 INFO Cache hit for AAPL
2025-07-14T04:28:15.193176-0400 INFO Cache hit for NVDA
2025-07-14T04:28:15.194211-0400 INFO Emitted batch update for 27 stocks
