2025-07-21T01:07:12.135302-0400 INFO Database connection established
2025-07-21T01:07:12.151556-0400 INFO Database connection established
2025-07-21T01:07:12.167231-0400 INFO Database connection established
2025-07-21T01:07:12.169006-0400 INFO Fetched cached data for AAPL from DB
2025-07-21T01:07:12.184497-0400 INFO Database connection established
2025-07-21T01:07:12.186258-0400 INFO Fetched cached data for NVDA from DB
2025-07-21T01:07:12.338755-0400 INFO Fetched breaking news from NewsAPI
2025-07-21T01:07:12.853327-0400 ERROR 404 error: 404 Not Found: The requested URL was not found on the server. If you entered the URL manually please check your spelling and try again.
2025-07-21T01:07:37.009810-0400 INFO Database connection established
2025-07-21T01:07:37.025767-0400 INFO Database connection established
2025-07-21T01:07:37.041544-0400 INFO Database connection established
2025-07-21T01:07:37.043327-0400 INFO Fetched cached data for AAPL from DB
2025-07-21T01:07:37.057836-0400 INFO Database connection established
2025-07-21T01:07:37.059593-0400 INFO Fetched cached data for NVDA from DB
2025-07-21T01:07:37.075287-0400 INFO Database connection established
2025-07-21T01:07:37.076970-0400 INFO Fetched cached data for AMD from DB
2025-07-21T01:07:37.091530-0400 INFO Database connection established
2025-07-21T01:07:37.093159-0400 INFO Fetched cached data for MARA from DB
2025-07-21T01:07:37.108616-0400 INFO Database connection established
2025-07-21T01:07:37.110280-0400 INFO Fetched cached data for NVDA from DB
2025-07-21T01:07:37.125463-0400 INFO Database connection established
2025-07-21T01:07:37.127118-0400 INFO Fetched cached data for RGTI from DB
2025-07-21T01:07:37.633999-0400 INFO Fetched breaking news from NewsAPI
2025-07-21T01:07:37.961163-0400 INFO Client connected
2025-07-21T01:07:37.976332-0400 INFO Database connection established
2025-07-21T01:07:37.991863-0400 INFO Database connection established
2025-07-21T01:07:37.993852-0400 INFO Fetched cached data for AMPX from DB
2025-07-21T01:07:37.994217-0400 INFO DB cache hit for AMPX
2025-07-21T01:07:38.009321-0400 INFO Database connection established
2025-07-21T01:07:38.011036-0400 INFO Fetched cached data for ABCL from DB
2025-07-21T01:07:38.011420-0400 INFO DB cache hit for ABCL
2025-07-21T01:07:38.026445-0400 INFO Database connection established
2025-07-21T01:07:38.028207-0400 INFO Fetched cached data for RZLV from DB
2025-07-21T01:07:38.028589-0400 INFO DB cache hit for RZLV
2025-07-21T01:07:38.043201-0400 INFO Database connection established
2025-07-21T01:07:38.045012-0400 INFO Fetched cached data for SBET from DB
2025-07-21T01:07:38.045440-0400 INFO DB cache hit for SBET
2025-07-21T01:07:38.060760-0400 INFO Database connection established
2025-07-21T01:07:38.062588-0400 INFO Fetched cached data for KULR from DB
2025-07-21T01:07:38.062970-0400 INFO DB cache hit for KULR
2025-07-21T01:07:38.077916-0400 INFO Database connection established
2025-07-21T01:07:38.079679-0400 INFO Fetched cached data for JNJ from DB
2025-07-21T01:07:38.080055-0400 INFO DB cache hit for JNJ
2025-07-21T01:07:38.094575-0400 INFO Database connection established
2025-07-21T01:07:38.096279-0400 INFO Fetched cached data for PG from DB
2025-07-21T01:07:38.096687-0400 INFO DB cache hit for PG
2025-07-21T01:07:38.111435-0400 INFO Database connection established
2025-07-21T01:07:38.113217-0400 INFO Fetched cached data for KO from DB
2025-07-21T01:07:38.113621-0400 INFO DB cache hit for KO
2025-07-21T01:07:38.128575-0400 INFO Database connection established
2025-07-21T01:07:38.130382-0400 INFO Fetched cached data for PFE from DB
2025-07-21T01:07:38.130727-0400 INFO DB cache hit for PFE
2025-07-21T01:07:38.145086-0400 INFO Database connection established
2025-07-21T01:07:38.146814-0400 INFO Fetched cached data for PM from DB
2025-07-21T01:07:38.147269-0400 INFO DB cache hit for PM
2025-07-21T01:07:38.162516-0400 INFO Database connection established
2025-07-21T01:07:38.164386-0400 INFO Fetched cached data for AAPL from DB
2025-07-21T01:07:38.164728-0400 INFO DB cache hit for AAPL
2025-07-21T01:07:38.179018-0400 INFO Database connection established
2025-07-21T01:07:38.180888-0400 INFO Fetched cached data for MSFT from DB
2025-07-21T01:07:38.181251-0400 INFO DB cache hit for MSFT
2025-07-21T01:07:38.195611-0400 INFO Database connection established
2025-07-21T01:07:38.197440-0400 INFO Fetched cached data for GOOGL from DB
2025-07-21T01:07:38.197839-0400 INFO DB cache hit for GOOGL
2025-07-21T01:07:38.212326-0400 INFO Database connection established
2025-07-21T01:07:38.214094-0400 INFO Fetched cached data for JPM from DB
2025-07-21T01:07:38.214535-0400 INFO DB cache hit for JPM
2025-07-21T01:07:38.228788-0400 INFO Database connection established
2025-07-21T01:07:38.230556-0400 INFO Fetched cached data for XOM from DB
2025-07-21T01:07:38.230891-0400 INFO DB cache hit for XOM
2025-07-21T01:07:38.245920-0400 INFO Database connection established
2025-07-21T01:07:38.247698-0400 INFO Fetched cached data for NVDA from DB
2025-07-21T01:07:38.248086-0400 INFO DB cache hit for NVDA
2025-07-21T01:07:38.263500-0400 INFO Database connection established
2025-07-21T01:07:38.265228-0400 INFO Fetched cached data for AMD from DB
2025-07-21T01:07:38.265634-0400 INFO DB cache hit for AMD
2025-07-21T01:07:38.280386-0400 INFO Database connection established
2025-07-21T01:07:38.282033-0400 INFO Fetched cached data for RGTI from DB
2025-07-21T01:07:38.282419-0400 INFO DB cache hit for RGTI
2025-07-21T01:07:38.297532-0400 INFO Database connection established
2025-07-21T01:07:38.299178-0400 INFO Fetched cached data for MARA from DB
2025-07-21T01:07:38.299479-0400 INFO DB cache hit for MARA
2025-07-21T01:07:38.314529-0400 INFO Database connection established
2025-07-21T01:07:38.316326-0400 INFO Fetched cached data for OKLO from DB
2025-07-21T01:07:38.316729-0400 INFO DB cache hit for OKLO
2025-07-21T01:07:38.331863-0400 INFO Database connection established
2025-07-21T01:07:38.333554-0400 INFO Fetched cached data for UEC from DB
2025-07-21T01:07:38.333940-0400 INFO DB cache hit for UEC
2025-07-21T01:07:38.349058-0400 INFO Database connection established
2025-07-21T01:07:38.350962-0400 INFO Fetched cached data for LTBR from DB
2025-07-21T01:07:38.351327-0400 INFO DB cache hit for LTBR
2025-07-21T01:07:38.366596-0400 INFO Database connection established
2025-07-21T01:07:38.368427-0400 INFO Fetched cached data for NEE from DB
2025-07-21T01:07:38.368829-0400 INFO DB cache hit for NEE
2025-07-21T01:07:38.383769-0400 INFO Database connection established
2025-07-21T01:07:38.385605-0400 INFO Fetched cached data for ENPH from DB
2025-07-21T01:07:38.385979-0400 INFO DB cache hit for ENPH
2025-07-21T01:07:38.386171-0400 INFO Cache hit for AAPL
2025-07-21T01:07:38.386334-0400 INFO Cache hit for NVDA
2025-07-21T01:07:38.388349-0400 INFO Emitted batch update for 26 stocks
2025-07-21T01:07:40.195321-0400 INFO Database connection established
2025-07-21T01:07:40.210782-0400 INFO Database connection established
2025-07-21T01:07:40.226463-0400 INFO Database connection established
2025-07-21T01:07:40.228500-0400 INFO Fetched cached data for AAPL from DB
2025-07-21T01:07:40.243897-0400 INFO Database connection established
2025-07-21T01:07:40.245602-0400 INFO Fetched cached data for NVDA from DB
2025-07-21T01:07:40.262652-0400 INFO Database connection established
2025-07-21T01:07:40.264494-0400 INFO Fetched cached data for AAPL from DB
2025-07-21T01:07:40.279885-0400 INFO Database connection established
2025-07-21T01:07:40.281710-0400 INFO Fetched cached data for ABCL from DB
2025-07-21T01:07:40.296065-0400 INFO Database connection established
2025-07-21T01:07:40.297789-0400 INFO Fetched cached data for AMD from DB
2025-07-21T01:07:40.313561-0400 INFO Database connection established
2025-07-21T01:07:40.315430-0400 INFO Fetched cached data for AMPX from DB
2025-07-21T01:07:40.329972-0400 INFO Database connection established
2025-07-21T01:07:40.331763-0400 INFO Fetched cached data for ENPH from DB
2025-07-21T01:07:40.347274-0400 INFO Database connection established
2025-07-21T01:07:40.349083-0400 INFO Fetched cached data for GOOGL from DB
2025-07-21T01:07:40.364435-0400 INFO Database connection established
2025-07-21T01:07:40.366587-0400 INFO Fetched cached data for JNJ from DB
2025-07-21T01:07:40.381851-0400 INFO Database connection established
2025-07-21T01:07:40.383691-0400 INFO Fetched cached data for JPM from DB
2025-07-21T01:07:40.402300-0400 INFO Database connection established
2025-07-21T01:07:40.403997-0400 INFO Fetched cached data for KO from DB
2025-07-21T01:07:40.418434-0400 INFO Database connection established
2025-07-21T01:07:40.420097-0400 INFO Fetched cached data for KULR from DB
2025-07-21T01:07:40.435580-0400 INFO Database connection established
2025-07-21T01:07:40.437266-0400 INFO Fetched cached data for LTBR from DB
2025-07-21T01:07:40.452567-0400 INFO Database connection established
2025-07-21T01:07:40.454311-0400 INFO Fetched cached data for MARA from DB
2025-07-21T01:07:40.469608-0400 INFO Database connection established
2025-07-21T01:07:40.471462-0400 INFO Fetched cached data for MSFT from DB
2025-07-21T01:07:40.488382-0400 INFO Database connection established
2025-07-21T01:07:40.490098-0400 INFO Fetched cached data for NEE from DB
2025-07-21T01:07:40.505310-0400 INFO Database connection established
2025-07-21T01:07:40.507013-0400 INFO Fetched cached data for NVDA from DB
2025-07-21T01:07:40.522489-0400 INFO Database connection established
2025-07-21T01:07:40.524381-0400 INFO Fetched cached data for OKLO from DB
2025-07-21T01:07:40.539789-0400 INFO Database connection established
2025-07-21T01:07:40.541554-0400 INFO Fetched cached data for PFE from DB
2025-07-21T01:07:40.557357-0400 INFO Database connection established
2025-07-21T01:07:40.559070-0400 INFO Fetched cached data for PG from DB
2025-07-21T01:07:40.574540-0400 INFO Database connection established
2025-07-21T01:07:40.576302-0400 INFO Fetched cached data for PM from DB
2025-07-21T01:07:40.591519-0400 INFO Database connection established
2025-07-21T01:07:40.593169-0400 INFO Fetched cached data for RGTI from DB
2025-07-21T01:07:40.608407-0400 INFO Database connection established
2025-07-21T01:07:40.610106-0400 INFO Fetched cached data for RZLV from DB
2025-07-21T01:07:40.625365-0400 INFO Database connection established
2025-07-21T01:07:40.627032-0400 INFO Fetched cached data for SBET from DB
2025-07-21T01:07:40.642251-0400 INFO Database connection established
2025-07-21T01:07:40.644006-0400 INFO Fetched cached data for UEC from DB
2025-07-21T01:07:40.659143-0400 INFO Database connection established
2025-07-21T01:07:40.660869-0400 INFO Fetched cached data for XOM from DB
2025-07-21T01:07:40.829334-0400 INFO Fetched breaking news from NewsAPI
2025-07-21T01:07:41.193086-0400 INFO Client connected
2025-07-21T01:07:41.532322-0400 INFO Database connection established
2025-07-21T01:07:41.547687-0400 INFO Database connection established
2025-07-21T01:07:41.563531-0400 INFO Database connection established
2025-07-21T01:07:41.565305-0400 INFO Fetched cached data for AAPL from DB
2025-07-21T01:07:41.579723-0400 INFO Database connection established
2025-07-21T01:07:41.581667-0400 INFO Fetched cached data for NVDA from DB
2025-07-21T01:07:41.598204-0400 INFO Database connection established
2025-07-21T01:07:41.599934-0400 INFO Fetched cached data for AAPL from DB
2025-07-21T01:07:41.615402-0400 INFO Database connection established
2025-07-21T01:07:41.617232-0400 INFO Fetched cached data for NVDA from DB
2025-07-21T01:07:41.748431-0400 INFO Fetched breaking news from NewsAPI
2025-07-21T01:07:41.926979-0400 INFO Client connected
