2025-07-14T04:58:35.619629-0400 INFO Client connected
2025-07-14T04:58:35.635435-0400 INFO Database connection established
2025-07-14T04:58:35.652168-0400 INFO Database connection established
2025-07-14T04:58:35.654567-0400 INFO Fetched cached data for AMPX from DB
2025-07-14T04:58:35.654902-0400 INFO DB cache hit for AMPX
2025-07-14T04:58:35.670974-0400 INFO Database connection established
2025-07-14T04:58:35.672725-0400 INFO Fetched cached data for ABCL from DB
2025-07-14T04:58:35.673106-0400 INFO DB cache hit for ABCL
2025-07-14T04:58:35.694961-0400 INFO Database connection established
2025-07-14T04:58:35.696720-0400 INFO Fetched cached data for RZLV from DB
2025-07-14T04:58:35.697100-0400 INFO DB cache hit for RZLV
2025-07-14T04:58:35.713061-0400 INFO Database connection established
2025-07-14T04:58:35.715146-0400 INFO Fetched cached data for SBET from DB
2025-07-14T04:58:35.715549-0400 INFO DB cache hit for SBET
2025-07-14T04:58:35.731096-0400 INFO Database connection established
2025-07-14T04:58:35.733243-0400 INFO Fetched cached data for KULR from DB
2025-07-14T04:58:35.733683-0400 INFO DB cache hit for KULR
2025-07-14T04:58:35.748401-0400 INFO Database connection established
2025-07-14T04:58:35.750360-0400 INFO Fetched cached data for JNJ from DB
2025-07-14T04:58:35.750746-0400 INFO DB cache hit for JNJ
2025-07-14T04:58:35.766966-0400 INFO Database connection established
2025-07-14T04:58:35.768958-0400 INFO Fetched cached data for PG from DB
2025-07-14T04:58:35.769309-0400 INFO DB cache hit for PG
2025-07-14T04:58:35.785253-0400 INFO Database connection established
2025-07-14T04:58:35.787043-0400 INFO Fetched cached data for KO from DB
2025-07-14T04:58:35.787395-0400 INFO DB cache hit for KO
2025-07-14T04:58:35.811366-0400 INFO Database connection established
2025-07-14T04:58:35.814668-0400 INFO Fetched cached data for PFE from DB
2025-07-14T04:58:35.816700-0400 INFO DB cache hit for PFE
2025-07-14T04:58:35.834495-0400 INFO Database connection established
2025-07-14T04:58:35.836357-0400 INFO Fetched cached data for PM from DB
2025-07-14T04:58:35.836716-0400 INFO DB cache hit for PM
2025-07-14T04:58:35.851807-0400 INFO Database connection established
2025-07-14T04:58:35.853819-0400 INFO Fetched cached data for AAPL from DB
2025-07-14T04:58:35.854265-0400 INFO DB cache hit for AAPL
2025-07-14T04:58:35.869992-0400 INFO Database connection established
2025-07-14T04:58:35.871822-0400 INFO Fetched cached data for MSFT from DB
2025-07-14T04:58:35.872160-0400 INFO DB cache hit for MSFT
2025-07-14T04:58:35.887906-0400 INFO Database connection established
2025-07-14T04:58:35.889969-0400 INFO Fetched cached data for GOOGL from DB
2025-07-14T04:58:35.890444-0400 INFO DB cache hit for GOOGL
2025-07-14T04:58:35.905500-0400 INFO Database connection established
2025-07-14T04:58:35.907621-0400 INFO Fetched cached data for JPM from DB
2025-07-14T04:58:35.907991-0400 INFO DB cache hit for JPM
2025-07-14T04:58:35.924627-0400 INFO Database connection established
2025-07-14T04:58:35.927153-0400 INFO Fetched cached data for XOM from DB
2025-07-14T04:58:35.927565-0400 INFO DB cache hit for XOM
2025-07-14T04:58:35.952547-0400 INFO Database connection established
2025-07-14T04:58:35.954503-0400 INFO Fetched cached data for NVDA from DB
2025-07-14T04:58:35.954908-0400 INFO DB cache hit for NVDA
2025-07-14T04:58:35.969946-0400 INFO Database connection established
2025-07-14T04:58:35.971867-0400 INFO Fetched cached data for AMD from DB
2025-07-14T04:58:35.972258-0400 INFO DB cache hit for AMD
2025-07-14T04:58:35.987365-0400 INFO Database connection established
2025-07-14T04:58:35.989248-0400 INFO Fetched cached data for RGTI from DB
2025-07-14T04:58:35.989671-0400 INFO DB cache hit for RGTI
2025-07-14T04:58:36.004943-0400 INFO Database connection established
2025-07-14T04:58:36.006796-0400 INFO Fetched cached data for MARA from DB
2025-07-14T04:58:36.007243-0400 INFO DB cache hit for MARA
2025-07-14T04:58:36.023118-0400 INFO Database connection established
2025-07-14T04:58:36.025166-0400 INFO Fetched cached data for OKLO from DB
2025-07-14T04:58:36.025536-0400 INFO DB cache hit for OKLO
2025-07-14T04:58:36.041237-0400 INFO Database connection established
2025-07-14T04:58:36.043024-0400 INFO Fetched cached data for UEC from DB
2025-07-14T04:58:36.043401-0400 INFO DB cache hit for UEC
2025-07-14T04:58:36.062034-0400 INFO Database connection established
2025-07-14T04:58:36.064376-0400 INFO Fetched cached data for LTBR from DB
2025-07-14T04:58:36.064752-0400 INFO DB cache hit for LTBR
2025-07-14T04:58:36.089865-0400 INFO Database connection established
2025-07-14T04:58:36.092900-0400 INFO Fetched cached data for NEE from DB
2025-07-14T04:58:36.093383-0400 INFO DB cache hit for NEE
2025-07-14T04:58:36.115730-0400 INFO Database connection established
2025-07-14T04:58:36.117592-0400 INFO Fetched cached data for ENPH from DB
2025-07-14T04:58:36.117953-0400 INFO DB cache hit for ENPH
2025-07-14T04:58:36.118130-0400 INFO Cache hit for AAPL
2025-07-14T04:58:36.118329-0400 INFO Cache hit for NVDA
2025-07-14T04:58:36.120407-0400 INFO Emitted batch update for 26 stocks
2025-07-14T04:58:36.755991-0400 INFO Database connection established
2025-07-14T04:58:36.772965-0400 INFO Database connection established
2025-07-14T04:58:36.791816-0400 INFO Database connection established
2025-07-14T04:58:36.793988-0400 INFO Cache hit for AAPL
2025-07-14T04:58:36.809983-0400 INFO Database connection established
2025-07-14T04:58:36.812127-0400 INFO Cache hit for NVDA
2025-07-14T04:58:36.829074-0400 INFO Database connection established
2025-07-14T04:58:36.831399-0400 INFO Fetched cached data for AMD from DB
2025-07-14T04:58:36.862253-0400 INFO Database connection established
2025-07-14T04:58:36.865250-0400 INFO Fetched cached data for MARA from DB
2025-07-14T04:58:36.882827-0400 INFO Database connection established
2025-07-14T04:58:36.884857-0400 INFO Fetched cached data for NVDA from DB
2025-07-14T04:58:36.901089-0400 INFO Database connection established
2025-07-14T04:58:36.903128-0400 INFO Fetched cached data for RGTI from DB
2025-07-14T04:58:37.203515-0400 INFO Fetched breaking news from NewsAPI
2025-07-14T04:58:37.536649-0400 INFO Client connected
2025-07-14T04:58:45.037216-0400 INFO Database connection established
2025-07-14T04:58:45.064102-0400 INFO Database connection established
2025-07-14T04:58:45.080300-0400 INFO Database connection established
2025-07-14T04:58:45.082385-0400 INFO Cache hit for AAPL
2025-07-14T04:58:45.097545-0400 INFO Database connection established
2025-07-14T04:58:45.099778-0400 INFO Cache hit for NVDA
2025-07-14T04:58:45.116332-0400 INFO Database connection established
2025-07-14T04:58:45.118314-0400 INFO Fetched cached data for AMD from DB
2025-07-14T04:58:45.133494-0400 INFO Database connection established
2025-07-14T04:58:45.135385-0400 INFO Fetched cached data for MARA from DB
2025-07-14T04:58:45.151640-0400 INFO Database connection established
2025-07-14T04:58:45.153496-0400 INFO Fetched cached data for NVDA from DB
2025-07-14T04:58:45.172953-0400 INFO Database connection established
2025-07-14T04:58:45.176506-0400 INFO Fetched cached data for RGTI from DB
2025-07-14T04:58:45.319527-0400 INFO Fetched breaking news from NewsAPI
2025-07-14T04:58:45.550364-0400 INFO Client connected
2025-07-14T04:58:47.944719-0400 INFO Database connection established
2025-07-14T04:58:47.962167-0400 INFO Database connection established
2025-07-14T04:58:47.978745-0400 INFO Database connection established
2025-07-14T04:58:47.980832-0400 INFO Cache hit for AAPL
2025-07-14T04:58:47.996320-0400 INFO Database connection established
2025-07-14T04:58:47.998398-0400 INFO Cache hit for NVDA
2025-07-14T04:58:48.014692-0400 INFO Database connection established
2025-07-14T04:58:48.016534-0400 INFO Fetched cached data for ENPH from DB
2025-07-14T04:58:48.042712-0400 INFO Database connection established
2025-07-14T04:58:48.045599-0400 INFO Fetched cached data for LTBR from DB
2025-07-14T04:58:48.062755-0400 INFO Database connection established
2025-07-14T04:58:48.064715-0400 INFO Fetched cached data for NEE from DB
2025-07-14T04:58:48.080999-0400 INFO Database connection established
2025-07-14T04:58:48.083040-0400 INFO Fetched cached data for OKLO from DB
2025-07-14T04:58:48.098328-0400 INFO Database connection established
2025-07-14T04:58:48.100314-0400 INFO Fetched cached data for UEC from DB
2025-07-14T04:58:48.261490-0400 INFO Fetched breaking news from NewsAPI
2025-07-14T04:58:48.504730-0400 INFO Client connected
2025-07-14T04:58:50.336137-0400 INFO Database connection established
2025-07-14T04:58:50.353198-0400 INFO Database connection established
2025-07-14T04:58:50.376436-0400 INFO Database connection established
2025-07-14T04:58:50.378463-0400 INFO Cache hit for AAPL
2025-07-14T04:58:50.400458-0400 INFO Database connection established
2025-07-14T04:58:50.402526-0400 INFO Cache hit for NVDA
2025-07-14T04:58:50.419383-0400 INFO Database connection established
2025-07-14T04:58:50.421382-0400 INFO Cache hit for AAPL
2025-07-14T04:58:50.442052-0400 INFO Database connection established
2025-07-14T04:58:50.443921-0400 INFO Cache hit for NVDA
2025-07-14T04:58:50.596431-0400 INFO Fetched breaking news from NewsAPI
2025-07-14T04:58:50.837964-0400 INFO Client connected
2025-07-14T04:58:53.869305-0400 INFO Database connection established
2025-07-14T04:58:53.894914-0400 INFO Database connection established
2025-07-14T04:58:53.916940-0400 INFO Database connection established
2025-07-14T04:58:53.918965-0400 INFO Cache hit for AAPL
2025-07-14T04:58:53.934743-0400 INFO Database connection established
2025-07-14T04:58:53.936996-0400 INFO Cache hit for NVDA
2025-07-14T04:58:53.954060-0400 INFO Database connection established
2025-07-14T04:58:53.956123-0400 INFO Fetched cached data for AAPL from DB
2025-07-14T04:58:53.971756-0400 INFO Database connection established
2025-07-14T04:58:53.973646-0400 INFO Fetched cached data for ABCL from DB
2025-07-14T04:58:53.990186-0400 INFO Database connection established
2025-07-14T04:58:53.992526-0400 INFO Fetched cached data for AMD from DB
2025-07-14T04:58:54.010277-0400 INFO Database connection established
2025-07-14T04:58:54.012171-0400 INFO Fetched cached data for AMPX from DB
2025-07-14T04:58:54.035240-0400 INFO Database connection established
2025-07-14T04:58:54.037221-0400 INFO Fetched cached data for ENPH from DB
2025-07-14T04:58:54.052433-0400 INFO Database connection established
2025-07-14T04:58:54.054548-0400 INFO Fetched cached data for GOOGL from DB
2025-07-14T04:58:54.070926-0400 INFO Database connection established
2025-07-14T04:58:54.072824-0400 INFO Fetched cached data for JNJ from DB
2025-07-14T04:58:54.088317-0400 INFO Database connection established
2025-07-14T04:58:54.090290-0400 INFO Fetched cached data for JPM from DB
2025-07-14T04:58:54.106328-0400 INFO Database connection established
2025-07-14T04:58:54.108309-0400 INFO Fetched cached data for KO from DB
2025-07-14T04:58:54.124631-0400 INFO Database connection established
2025-07-14T04:58:54.126962-0400 INFO Fetched cached data for KULR from DB
2025-07-14T04:58:54.144106-0400 INFO Database connection established
2025-07-14T04:58:54.146423-0400 INFO Fetched cached data for LTBR from DB
2025-07-14T04:58:54.167130-0400 INFO Database connection established
2025-07-14T04:58:54.169205-0400 INFO Fetched cached data for MARA from DB
2025-07-14T04:58:54.185401-0400 INFO Database connection established
2025-07-14T04:58:54.187443-0400 INFO Fetched cached data for MSFT from DB
2025-07-14T04:58:54.203136-0400 INFO Database connection established
2025-07-14T04:58:54.205203-0400 INFO Fetched cached data for NEE from DB
2025-07-14T04:58:54.220495-0400 INFO Database connection established
2025-07-14T04:58:54.222421-0400 INFO Fetched cached data for NVDA from DB
2025-07-14T04:58:54.238417-0400 INFO Database connection established
2025-07-14T04:58:54.240455-0400 INFO Fetched cached data for OKLO from DB
2025-07-14T04:58:54.259601-0400 INFO Database connection established
2025-07-14T04:58:54.261594-0400 INFO Fetched cached data for PFE from DB
2025-07-14T04:58:54.283353-0400 INFO Database connection established
2025-07-14T04:58:54.287353-0400 INFO Fetched cached data for PG from DB
2025-07-14T04:58:54.305236-0400 INFO Database connection established
2025-07-14T04:58:54.307393-0400 INFO Fetched cached data for PM from DB
2025-07-14T04:58:54.322657-0400 INFO Database connection established
2025-07-14T04:58:54.324578-0400 INFO Fetched cached data for RGTI from DB
2025-07-14T04:58:54.340404-0400 INFO Database connection established
2025-07-14T04:58:54.342399-0400 INFO Fetched cached data for RZLV from DB
2025-07-14T04:58:54.357476-0400 INFO Database connection established
2025-07-14T04:58:54.359528-0400 INFO Fetched cached data for SBET from DB
2025-07-14T04:58:54.374863-0400 INFO Database connection established
2025-07-14T04:58:54.376968-0400 INFO Fetched cached data for UEC from DB
2025-07-14T04:58:54.394465-0400 INFO Database connection established
2025-07-14T04:58:54.397733-0400 INFO Fetched cached data for XOM from DB
2025-07-14T04:58:54.551516-0400 INFO Fetched breaking news from NewsAPI
2025-07-14T04:58:54.843920-0400 INFO Client connected
2025-07-14T04:58:58.504827-0400 INFO Database connection established
2025-07-14T04:58:58.521553-0400 INFO Database connection established
2025-07-14T04:58:58.537988-0400 INFO Database connection established
2025-07-14T04:58:58.540182-0400 INFO Cache hit for AAPL
2025-07-14T04:58:58.556264-0400 INFO Database connection established
2025-07-14T04:58:58.559267-0400 INFO Cache hit for NVDA
2025-07-14T04:58:58.585590-0400 INFO Database connection established
2025-07-14T04:58:58.588013-0400 INFO Fetched cached data for AMD from DB
2025-07-14T04:58:58.604684-0400 INFO Database connection established
2025-07-14T04:58:58.606525-0400 INFO Fetched cached data for MARA from DB
2025-07-14T04:58:58.622348-0400 INFO Database connection established
2025-07-14T04:58:58.624343-0400 INFO Fetched cached data for NVDA from DB
2025-07-14T04:58:58.639915-0400 INFO Database connection established
2025-07-14T04:58:58.641880-0400 INFO Fetched cached data for RGTI from DB
2025-07-14T04:58:58.779861-0400 INFO Fetched breaking news from NewsAPI
2025-07-14T04:58:59.030146-0400 INFO Client connected
2025-07-14T04:59:03.715619-0400 INFO Database connection established
2025-07-14T04:59:03.732804-0400 INFO Database connection established
2025-07-14T04:59:03.748781-0400 INFO Database connection established
2025-07-14T04:59:03.750753-0400 INFO Cache hit for AAPL
2025-07-14T04:59:03.772776-0400 INFO Database connection established
2025-07-14T04:59:03.775195-0400 INFO Cache hit for NVDA
2025-07-14T04:59:03.798756-0400 INFO Database connection established
2025-07-14T04:59:03.800856-0400 INFO Cache hit for AAPL
2025-07-14T04:59:03.816596-0400 INFO Database connection established
2025-07-14T04:59:03.818820-0400 INFO Cache hit for NVDA
2025-07-14T04:59:03.958511-0400 INFO Fetched breaking news from NewsAPI
2025-07-14T04:59:04.211930-0400 INFO Client connected
