2025-07-14T04:06:20.648986-0400 INFO Client connected
2025-07-14T04:06:20.665174-0400 INFO Database connection established
2025-07-14T04:06:20.685759-0400 INFO Database connection established
2025-07-14T04:06:20.688038-0400 INFO Fetched cached data for AMPX from DB
2025-07-14T04:06:20.688410-0400 INFO DB cache hit for AMPX
2025-07-14T04:06:20.714045-0400 INFO Database connection established
2025-07-14T04:06:20.715744-0400 INFO Fetched cached data for ABCL from DB
2025-07-14T04:06:20.716078-0400 INFO DB cache hit for ABCL
2025-07-14T04:06:20.734102-0400 INFO Database connection established
2025-07-14T04:06:20.736190-0400 INFO Fetched cached data for RZLV from DB
2025-07-14T04:06:20.736598-0400 INFO DB cache hit for RZLV
2025-07-14T04:06:20.752296-0400 INFO Database connection established
2025-07-14T04:06:20.754368-0400 INFO Fetched cached data for SBET from DB
2025-07-14T04:06:20.754724-0400 INFO DB cache hit for SBET
2025-07-14T04:06:20.770674-0400 INFO Database connection established
2025-07-14T04:06:20.772706-0400 INFO Fetched cached data for KULR from DB
2025-07-14T04:06:20.773051-0400 INFO DB cache hit for KULR
2025-07-14T04:06:20.788989-0400 INFO Database connection established
2025-07-14T04:06:20.791051-0400 INFO Fetched cached data for JNJ from DB
2025-07-14T04:06:20.791430-0400 INFO DB cache hit for JNJ
2025-07-14T04:06:20.809262-0400 INFO Database connection established
2025-07-14T04:06:20.811749-0400 INFO Fetched cached data for PG from DB
2025-07-14T04:06:20.812133-0400 INFO DB cache hit for PG
2025-07-14T04:06:20.834625-0400 INFO Database connection established
2025-07-14T04:06:20.836587-0400 INFO Fetched cached data for KO from DB
2025-07-14T04:06:20.836991-0400 INFO DB cache hit for KO
2025-07-14T04:06:20.852746-0400 INFO Database connection established
2025-07-14T04:06:20.854545-0400 INFO Fetched cached data for PFE from DB
2025-07-14T04:06:20.854861-0400 INFO DB cache hit for PFE
2025-07-14T04:06:20.870929-0400 INFO Database connection established
2025-07-14T04:06:20.872867-0400 INFO Fetched cached data for PM from DB
2025-07-14T04:06:20.873270-0400 INFO DB cache hit for PM
2025-07-14T04:06:20.889181-0400 INFO Database connection established
2025-07-14T04:06:20.891303-0400 INFO Fetched cached data for AAPL from DB
2025-07-14T04:06:20.891648-0400 INFO DB cache hit for AAPL
2025-07-14T04:06:20.907259-0400 INFO Database connection established
2025-07-14T04:06:20.909212-0400 INFO Fetched cached data for MSFT from DB
2025-07-14T04:06:20.909664-0400 INFO DB cache hit for MSFT
2025-07-14T04:06:20.925268-0400 INFO Database connection established
2025-07-14T04:06:20.927774-0400 INFO Fetched cached data for GOOGL from DB
2025-07-14T04:06:20.928239-0400 INFO DB cache hit for GOOGL
2025-07-14T04:06:20.949774-0400 INFO Database connection established
2025-07-14T04:06:20.951671-0400 INFO Fetched cached data for JPM from DB
2025-07-14T04:06:20.952094-0400 INFO DB cache hit for JPM
2025-07-14T04:06:20.975520-0400 INFO Database connection established
2025-07-14T04:06:20.977713-0400 INFO Fetched cached data for XOM from DB
2025-07-14T04:06:20.978117-0400 INFO DB cache hit for XOM
2025-07-14T04:06:20.993200-0400 INFO Database connection established
2025-07-14T04:06:20.995078-0400 INFO Fetched cached data for NVDA from DB
2025-07-14T04:06:20.995463-0400 INFO DB cache hit for NVDA
2025-07-14T04:06:21.011492-0400 INFO Database connection established
2025-07-14T04:06:21.013466-0400 INFO Fetched cached data for AMD from DB
2025-07-14T04:06:21.013820-0400 INFO DB cache hit for AMD
2025-07-14T04:06:21.028805-0400 INFO Database connection established
2025-07-14T04:06:21.030607-0400 INFO Fetched cached data for TSLA from DB
2025-07-14T04:06:21.030940-0400 INFO DB cache hit for TSLA
2025-07-14T04:06:21.046577-0400 INFO Database connection established
2025-07-14T04:06:21.048542-0400 INFO Fetched cached data for RGTI from DB
2025-07-14T04:06:21.048882-0400 INFO DB cache hit for RGTI
2025-07-14T04:06:21.063861-0400 INFO Database connection established
2025-07-14T04:06:21.066818-0400 INFO Fetched cached data for MARA from DB
2025-07-14T04:06:21.067580-0400 INFO DB cache hit for MARA
2025-07-14T04:06:21.091838-0400 INFO Database connection established
2025-07-14T04:06:21.093658-0400 INFO Fetched cached data for OKLO from DB
2025-07-14T04:06:21.094036-0400 INFO DB cache hit for OKLO
2025-07-14T04:06:21.109744-0400 INFO Database connection established
2025-07-14T04:06:21.111767-0400 INFO Fetched cached data for UEC from DB
2025-07-14T04:06:21.112127-0400 INFO DB cache hit for UEC
2025-07-14T04:06:21.127486-0400 INFO Database connection established
2025-07-14T04:06:21.129417-0400 INFO Fetched cached data for LTBR from DB
2025-07-14T04:06:21.129755-0400 INFO DB cache hit for LTBR
2025-07-14T04:06:21.145410-0400 INFO Database connection established
2025-07-14T04:06:21.147335-0400 INFO Fetched cached data for NEE from DB
2025-07-14T04:06:21.147711-0400 INFO DB cache hit for NEE
2025-07-14T04:06:21.162654-0400 INFO Database connection established
2025-07-14T04:06:21.164581-0400 INFO Fetched cached data for ENPH from DB
2025-07-14T04:06:21.164976-0400 INFO DB cache hit for ENPH
2025-07-14T04:06:21.165234-0400 INFO Cache hit for AAPL
2025-07-14T04:06:21.165461-0400 INFO Cache hit for NVDA
2025-07-14T04:06:21.167748-0400 INFO Emitted batch update for 27 stocks
2025-07-14T04:06:36.198229-0400 INFO Database connection established
2025-07-14T04:06:36.215787-0400 INFO Database connection established
2025-07-14T04:06:36.217798-0400 INFO Fetched cached data for ABCL from DB
2025-07-14T04:06:36.234159-0400 INFO Database connection established
2025-07-14T04:06:36.236224-0400 INFO Fetched cached data for AMPX from DB
2025-07-14T04:06:36.251373-0400 INFO Database connection established
2025-07-14T04:06:36.253240-0400 INFO Fetched cached data for KULR from DB
2025-07-14T04:06:36.269275-0400 INFO Database connection established
2025-07-14T04:06:36.271209-0400 INFO Fetched cached data for RZLV from DB
2025-07-14T04:06:36.289040-0400 INFO Database connection established
2025-07-14T04:06:36.292004-0400 INFO Fetched cached data for SBET from DB
2025-07-14T04:06:36.546431-0400 INFO Fetched breaking news from NewsAPI
2025-07-14T04:06:36.839225-0400 INFO Client connected
