2025-07-21T01:09:21.399596-0400 INFO Client connected
2025-07-21T01:09:21.415291-0400 INFO Database connection established
2025-07-21T01:09:21.430567-0400 INFO Database connection established
2025-07-21T01:09:21.432205-0400 INFO Fetched cached data for AMPX from DB
2025-07-21T01:09:21.432569-0400 INFO DB cache hit for AMPX
2025-07-21T01:09:21.447037-0400 INFO Database connection established
2025-07-21T01:09:21.448800-0400 INFO Fetched cached data for ABCL from DB
2025-07-21T01:09:21.449162-0400 INFO DB cache hit for ABCL
2025-07-21T01:09:21.464344-0400 INFO Database connection established
2025-07-21T01:09:21.466039-0400 INFO Fetched cached data for RZLV from DB
2025-07-21T01:09:21.466363-0400 INFO DB cache hit for RZLV
2025-07-21T01:09:21.481051-0400 INFO Database connection established
2025-07-21T01:09:21.482849-0400 INFO Fetched cached data for SBET from DB
2025-07-21T01:09:21.483232-0400 INFO DB cache hit for SBET
2025-07-21T01:09:21.497470-0400 INFO Database connection established
2025-07-21T01:09:21.499267-0400 INFO Fetched cached data for KULR from DB
2025-07-21T01:09:21.499685-0400 INFO DB cache hit for KULR
2025-07-21T01:09:21.514417-0400 INFO Database connection established
2025-07-21T01:09:21.516142-0400 INFO Fetched cached data for JNJ from DB
2025-07-21T01:09:21.516497-0400 INFO DB cache hit for JNJ
2025-07-21T01:09:21.531018-0400 INFO Database connection established
2025-07-21T01:09:21.532787-0400 INFO Fetched cached data for PG from DB
2025-07-21T01:09:21.533222-0400 INFO DB cache hit for PG
2025-07-21T01:09:21.548323-0400 INFO Database connection established
2025-07-21T01:09:21.550052-0400 INFO Fetched cached data for KO from DB
2025-07-21T01:09:21.550420-0400 INFO DB cache hit for KO
2025-07-21T01:09:21.565231-0400 INFO Database connection established
2025-07-21T01:09:21.566964-0400 INFO Fetched cached data for PFE from DB
2025-07-21T01:09:21.567376-0400 INFO DB cache hit for PFE
2025-07-21T01:09:21.582460-0400 INFO Database connection established
2025-07-21T01:09:21.584299-0400 INFO Fetched cached data for PM from DB
2025-07-21T01:09:21.584640-0400 INFO DB cache hit for PM
2025-07-21T01:09:21.599335-0400 INFO Database connection established
2025-07-21T01:09:21.601373-0400 INFO Fetched cached data for AAPL from DB
2025-07-21T01:09:21.601800-0400 INFO DB cache hit for AAPL
2025-07-21T01:09:21.617191-0400 INFO Database connection established
2025-07-21T01:09:21.618981-0400 INFO Fetched cached data for MSFT from DB
2025-07-21T01:09:21.619326-0400 INFO DB cache hit for MSFT
2025-07-21T01:09:21.634600-0400 INFO Database connection established
2025-07-21T01:09:21.636295-0400 INFO Fetched cached data for GOOGL from DB
2025-07-21T01:09:21.636777-0400 INFO DB cache hit for GOOGL
2025-07-21T01:09:21.651926-0400 INFO Database connection established
2025-07-21T01:09:21.653825-0400 INFO Fetched cached data for JPM from DB
2025-07-21T01:09:21.654234-0400 INFO DB cache hit for JPM
2025-07-21T01:09:21.669433-0400 INFO Database connection established
2025-07-21T01:09:21.671219-0400 INFO Fetched cached data for XOM from DB
2025-07-21T01:09:21.671609-0400 INFO DB cache hit for XOM
2025-07-21T01:09:21.685749-0400 INFO Database connection established
2025-07-21T01:09:21.687477-0400 INFO Fetched cached data for NVDA from DB
2025-07-21T01:09:21.687925-0400 INFO DB cache hit for NVDA
2025-07-21T01:09:21.703400-0400 INFO Database connection established
2025-07-21T01:09:21.705047-0400 INFO Fetched cached data for AMD from DB
2025-07-21T01:09:21.705502-0400 INFO DB cache hit for AMD
2025-07-21T01:09:21.722243-0400 INFO Database connection established
2025-07-21T01:09:21.723998-0400 INFO Fetched cached data for RGTI from DB
2025-07-21T01:09:21.724385-0400 INFO DB cache hit for RGTI
2025-07-21T01:09:21.739650-0400 INFO Database connection established
2025-07-21T01:09:21.741516-0400 INFO Fetched cached data for MARA from DB
2025-07-21T01:09:21.741893-0400 INFO DB cache hit for MARA
2025-07-21T01:09:21.756372-0400 INFO Database connection established
2025-07-21T01:09:21.758073-0400 INFO Fetched cached data for OKLO from DB
2025-07-21T01:09:21.758463-0400 INFO DB cache hit for OKLO
2025-07-21T01:09:21.772545-0400 INFO Database connection established
2025-07-21T01:09:21.774296-0400 INFO Fetched cached data for UEC from DB
2025-07-21T01:09:21.774705-0400 INFO DB cache hit for UEC
2025-07-21T01:09:21.788957-0400 INFO Database connection established
2025-07-21T01:09:21.790701-0400 INFO Fetched cached data for LTBR from DB
2025-07-21T01:09:21.791082-0400 INFO DB cache hit for LTBR
2025-07-21T01:09:21.805621-0400 INFO Database connection established
2025-07-21T01:09:21.807331-0400 INFO Fetched cached data for NEE from DB
2025-07-21T01:09:21.807766-0400 INFO DB cache hit for NEE
2025-07-21T01:09:21.822342-0400 INFO Database connection established
2025-07-21T01:09:21.824059-0400 INFO Fetched cached data for ENPH from DB
2025-07-21T01:09:21.824397-0400 INFO DB cache hit for ENPH
2025-07-21T01:09:21.824665-0400 INFO Cache hit for AAPL
2025-07-21T01:09:21.824834-0400 INFO Cache hit for NVDA
2025-07-21T01:09:21.827217-0400 INFO Emitted batch update for 26 stocks
2025-07-21T01:14:21.843447-0400 INFO Database connection established
2025-07-21T01:14:21.844718-0400 INFO Cache hit for AMPX
2025-07-21T01:14:21.844969-0400 INFO Cache hit for ABCL
2025-07-21T01:14:21.845155-0400 INFO Cache hit for RZLV
2025-07-21T01:14:21.845295-0400 INFO Cache hit for SBET
2025-07-21T01:14:21.845497-0400 INFO Cache hit for KULR
2025-07-21T01:14:21.845667-0400 INFO Cache hit for JNJ
2025-07-21T01:14:21.845804-0400 INFO Cache hit for PG
2025-07-21T01:14:21.845951-0400 INFO Cache hit for KO
2025-07-21T01:14:21.846085-0400 INFO Cache hit for PFE
2025-07-21T01:14:21.846224-0400 INFO Cache hit for PM
2025-07-21T01:14:21.846351-0400 INFO Cache hit for AAPL
2025-07-21T01:14:21.846521-0400 INFO Cache hit for MSFT
2025-07-21T01:14:21.846677-0400 INFO Cache hit for GOOGL
2025-07-21T01:14:21.846807-0400 INFO Cache hit for JPM
2025-07-21T01:14:21.846954-0400 INFO Cache hit for XOM
2025-07-21T01:14:21.847062-0400 INFO Cache hit for NVDA
2025-07-21T01:14:21.847193-0400 INFO Cache hit for AMD
2025-07-21T01:14:21.847325-0400 INFO Cache hit for RGTI
2025-07-21T01:14:21.847455-0400 INFO Cache hit for MARA
2025-07-21T01:14:21.847577-0400 INFO Cache hit for OKLO
2025-07-21T01:14:21.847706-0400 INFO Cache hit for UEC
2025-07-21T01:14:21.847846-0400 INFO Cache hit for LTBR
2025-07-21T01:14:21.848042-0400 INFO Cache hit for NEE
2025-07-21T01:14:21.848165-0400 INFO Cache hit for ENPH
2025-07-21T01:14:21.848296-0400 INFO Cache hit for AAPL
2025-07-21T01:14:21.848428-0400 INFO Cache hit for NVDA
2025-07-21T01:14:21.849638-0400 INFO Emitted batch update for 26 stocks
