2025-07-14T02:45:32.628217-0400 INFO Client connected
2025-07-14T02:45:32.652821-0400 INFO Database connection established
2025-07-14T02:45:32.701946-0400 INFO Database connection established
2025-07-14T02:45:32.705563-0400 INFO Fetched cached data for AMPX from DB
2025-07-14T02:45:32.706077-0400 INFO DB cache hit for AMPX
2025-07-14T02:45:32.755029-0400 INFO Database connection established
2025-07-14T02:45:32.759467-0400 INFO Fetched cached data for ABCL from DB
2025-07-14T02:45:32.760165-0400 INFO DB cache hit for ABCL
2025-07-14T02:45:32.806491-0400 INFO Database connection established
2025-07-14T02:45:32.810649-0400 INFO Fetched cached data for RZLV from DB
2025-07-14T02:45:32.811260-0400 INFO DB cache hit for RZLV
2025-07-14T02:45:32.867430-0400 INFO Database connection established
2025-07-14T02:45:32.871150-0400 INFO Fetched cached data for SBET from DB
2025-07-14T02:45:32.871737-0400 INFO DB cache hit for SBET
2025-07-14T02:45:32.928833-0400 INFO Database connection established
2025-07-14T02:45:32.932958-0400 INFO Fetched cached data for KULR from DB
2025-07-14T02:45:32.933577-0400 INFO DB cache hit for KULR
2025-07-14T02:45:32.987928-0400 INFO Database connection established
2025-07-14T02:45:32.991349-0400 INFO Fetched cached data for JNJ from DB
2025-07-14T02:45:32.991965-0400 INFO DB cache hit for JNJ
2025-07-14T02:45:33.028498-0400 INFO Database connection established
2025-07-14T02:45:33.031328-0400 INFO Fetched cached data for PG from DB
2025-07-14T02:45:33.032114-0400 INFO DB cache hit for PG
2025-07-14T02:45:33.071596-0400 INFO Database connection established
2025-07-14T02:45:33.076041-0400 INFO Fetched cached data for KO from DB
2025-07-14T02:45:33.076717-0400 INFO DB cache hit for KO
2025-07-14T02:45:33.105214-0400 INFO Database connection established
2025-07-14T02:45:33.109039-0400 INFO Fetched cached data for PFE from DB
2025-07-14T02:45:33.109621-0400 INFO DB cache hit for PFE
2025-07-14T02:45:33.143982-0400 INFO Database connection established
2025-07-14T02:45:33.147149-0400 INFO Fetched cached data for PM from DB
2025-07-14T02:45:33.147684-0400 INFO DB cache hit for PM
2025-07-14T02:45:33.190356-0400 INFO Database connection established
2025-07-14T02:45:33.194218-0400 INFO Fetched cached data for AAPL from DB
2025-07-14T02:45:33.194781-0400 INFO DB cache hit for AAPL
2025-07-14T02:45:33.237009-0400 INFO Database connection established
2025-07-14T02:45:33.241191-0400 INFO Fetched cached data for MSFT from DB
2025-07-14T02:45:33.241816-0400 INFO DB cache hit for MSFT
2025-07-14T02:45:33.283503-0400 INFO Database connection established
2025-07-14T02:45:33.289633-0400 INFO Fetched cached data for GOOGL from DB
2025-07-14T02:45:33.290265-0400 INFO DB cache hit for GOOGL
2025-07-14T02:45:33.338597-0400 INFO Database connection established
2025-07-14T02:45:33.343034-0400 INFO Fetched cached data for JPM from DB
2025-07-14T02:45:33.344549-0400 INFO DB cache hit for JPM
2025-07-14T02:45:33.402311-0400 INFO Database connection established
2025-07-14T02:45:33.406580-0400 INFO Fetched cached data for XOM from DB
2025-07-14T02:45:33.407211-0400 INFO DB cache hit for XOM
2025-07-14T02:45:33.450135-0400 INFO Database connection established
2025-07-14T02:45:33.453644-0400 INFO Fetched cached data for NVDA from DB
2025-07-14T02:45:33.454152-0400 INFO DB cache hit for NVDA
2025-07-14T02:45:33.513107-0400 INFO Database connection established
2025-07-14T02:45:33.515846-0400 INFO Fetched cached data for AMD from DB
2025-07-14T02:45:33.516321-0400 INFO DB cache hit for AMD
2025-07-14T02:45:33.550943-0400 INFO Database connection established
2025-07-14T02:45:33.554772-0400 INFO Fetched cached data for TSLA from DB
2025-07-14T02:45:33.555471-0400 INFO DB cache hit for TSLA
2025-07-14T02:45:33.585870-0400 INFO Database connection established
2025-07-14T02:45:33.588437-0400 INFO Fetched cached data for RGTI from DB
2025-07-14T02:45:33.588928-0400 INFO DB cache hit for RGTI
2025-07-14T02:45:33.625585-0400 INFO Database connection established
2025-07-14T02:45:33.629341-0400 INFO Fetched cached data for MARA from DB
2025-07-14T02:45:33.629867-0400 INFO DB cache hit for MARA
2025-07-14T02:45:33.668224-0400 INFO Database connection established
2025-07-14T02:45:33.671961-0400 INFO Fetched cached data for OKLO from DB
2025-07-14T02:45:33.672556-0400 INFO DB cache hit for OKLO
2025-07-14T02:45:33.718713-0400 INFO Database connection established
2025-07-14T02:45:33.722831-0400 INFO Fetched cached data for UEC from DB
2025-07-14T02:45:33.723448-0400 INFO DB cache hit for UEC
2025-07-14T02:45:33.772966-0400 INFO Database connection established
2025-07-14T02:45:33.776016-0400 INFO Fetched cached data for LTBR from DB
2025-07-14T02:45:33.776559-0400 INFO DB cache hit for LTBR
2025-07-14T02:45:33.822154-0400 INFO Database connection established
2025-07-14T02:45:33.826550-0400 INFO Fetched cached data for NEE from DB
2025-07-14T02:45:33.827207-0400 INFO DB cache hit for NEE
2025-07-14T02:45:33.873440-0400 INFO Database connection established
2025-07-14T02:45:33.882275-0400 INFO Fetched cached data for ENPH from DB
2025-07-14T02:45:33.882885-0400 INFO DB cache hit for ENPH
2025-07-14T02:45:33.883212-0400 ERROR Error in background task: emit() got an unexpected keyword argument 'json'
